Archive member included because of file (symbol)

c:/freescale/kds_3.0.0/toolchain/bin/../lib/gcc/arm-none-eabi/4.8.4/armv6-m\libgcc.a(_udivsi3.o)
                              ./Sources/main.o (__aeabi_uidiv)
c:/freescale/kds_3.0.0/toolchain/bin/../lib/gcc/arm-none-eabi/4.8.4/armv6-m\libgcc.a(_divsi3.o)
                              ./Sources/main.o (__aeabi_idiv)
c:/freescale/kds_3.0.0/toolchain/bin/../lib/gcc/arm-none-eabi/4.8.4/armv6-m\libgcc.a(_dvmd_tls.o)
                              c:/freescale/kds_3.0.0/toolchain/bin/../lib/gcc/arm-none-eabi/4.8.4/armv6-m\libgcc.a(_udivsi3.o) (__aeabi_idiv0)
c:/freescale/kds_3.0.0/toolchain/bin/../lib/gcc/arm-none-eabi/4.8.4/armv6-m\libgcc.a(_aeabi_uldivmod.o)
                              ./Generated_Code/osa1.o (__aeabi_uldivmod)
c:/freescale/kds_3.0.0/toolchain/bin/../lib/gcc/arm-none-eabi/4.8.4/armv6-m\libgcc.a(_muldi3.o)
                              ./Generated_Code/osa1.o (__aeabi_lmul)
c:/freescale/kds_3.0.0/toolchain/bin/../lib/gcc/arm-none-eabi/4.8.4/armv6-m\libgcc.a(bpabi.o)
                              c:/freescale/kds_3.0.0/toolchain/bin/../lib/gcc/arm-none-eabi/4.8.4/armv6-m\libgcc.a(_aeabi_uldivmod.o) (__gnu_uldivmod_helper)
c:/freescale/kds_3.0.0/toolchain/bin/../lib/gcc/arm-none-eabi/4.8.4/armv6-m\libgcc.a(_divdi3.o)
                              c:/freescale/kds_3.0.0/toolchain/bin/../lib/gcc/arm-none-eabi/4.8.4/armv6-m\libgcc.a(bpabi.o) (__divdi3)
c:/freescale/kds_3.0.0/toolchain/bin/../lib/gcc/arm-none-eabi/4.8.4/armv6-m\libgcc.a(_udivdi3.o)
                              c:/freescale/kds_3.0.0/toolchain/bin/../lib/gcc/arm-none-eabi/4.8.4/armv6-m\libgcc.a(bpabi.o) (__udivdi3)
c:/freescale/kds_3.0.0/toolchain/bin/../lib/gcc/arm-none-eabi/4.8.4/armv6-m\libgcc.a(_clzsi2.o)
                              c:/freescale/kds_3.0.0/toolchain/bin/../lib/gcc/arm-none-eabi/4.8.4/armv6-m\libgcc.a(_divdi3.o) (__clzsi2)
c:/freescale/kds_3.0.0/toolchain/bin/../lib/gcc/arm-none-eabi/4.8.4/../../../../arm-none-eabi/lib/armv6-m\libg_s.a(lib_a-assert.o)
                              ./SDK/platform/system/src/interrupt/fsl_interrupt_manager.o (__assert_func)
c:/freescale/kds_3.0.0/toolchain/bin/../lib/gcc/arm-none-eabi/4.8.4/../../../../arm-none-eabi/lib/armv6-m\libg_s.a(lib_a-calloc.o)
                              ./SDK/platform/osa/src/fsl_os_abstraction_bm.o (calloc)
c:/freescale/kds_3.0.0/toolchain/bin/../lib/gcc/arm-none-eabi/4.8.4/../../../../arm-none-eabi/lib/armv6-m\libg_s.a(lib_a-exit.o)
                              c:/freescale/kds_3.0.0/toolchain/bin/../lib/gcc/arm-none-eabi/4.8.4/../../../../arm-none-eabi/lib/armv6-m/crt0.o (exit)
c:/freescale/kds_3.0.0/toolchain/bin/../lib/gcc/arm-none-eabi/4.8.4/../../../../arm-none-eabi/lib/armv6-m\libg_s.a(lib_a-fprintf.o)
                              c:/freescale/kds_3.0.0/toolchain/bin/../lib/gcc/arm-none-eabi/4.8.4/../../../../arm-none-eabi/lib/armv6-m\libg_s.a(lib_a-assert.o) (fiprintf)
c:/freescale/kds_3.0.0/toolchain/bin/../lib/gcc/arm-none-eabi/4.8.4/../../../../arm-none-eabi/lib/armv6-m\libg_s.a(lib_a-impure.o)
                              c:/freescale/kds_3.0.0/toolchain/bin/../lib/gcc/arm-none-eabi/4.8.4/../../../../arm-none-eabi/lib/armv6-m\libg_s.a(lib_a-exit.o) (_global_impure_ptr)
c:/freescale/kds_3.0.0/toolchain/bin/../lib/gcc/arm-none-eabi/4.8.4/../../../../arm-none-eabi/lib/armv6-m\libg_s.a(lib_a-init.o)
                              c:/freescale/kds_3.0.0/toolchain/bin/../lib/gcc/arm-none-eabi/4.8.4/../../../../arm-none-eabi/lib/armv6-m/crt0.o (__libc_init_array)
c:/freescale/kds_3.0.0/toolchain/bin/../lib/gcc/arm-none-eabi/4.8.4/../../../../arm-none-eabi/lib/armv6-m\libg_s.a(lib_a-malloc.o)
                              ./SDK/platform/osa/src/fsl_os_abstraction_bm.o (malloc)
c:/freescale/kds_3.0.0/toolchain/bin/../lib/gcc/arm-none-eabi/4.8.4/../../../../arm-none-eabi/lib/armv6-m\libg_s.a(lib_a-memset.o)
                              c:/freescale/kds_3.0.0/toolchain/bin/../lib/gcc/arm-none-eabi/4.8.4/../../../../arm-none-eabi/lib/armv6-m/crt0.o (memset)
c:/freescale/kds_3.0.0/toolchain/bin/../lib/gcc/arm-none-eabi/4.8.4/../../../../arm-none-eabi/lib/armv6-m\libg_s.a(lib_a-nano-callocr.o)
                              c:/freescale/kds_3.0.0/toolchain/bin/../lib/gcc/arm-none-eabi/4.8.4/../../../../arm-none-eabi/lib/armv6-m\libg_s.a(lib_a-calloc.o) (_calloc_r)
c:/freescale/kds_3.0.0/toolchain/bin/../lib/gcc/arm-none-eabi/4.8.4/../../../../arm-none-eabi/lib/armv6-m\libg_s.a(lib_a-nano-freer.o)
                              c:/freescale/kds_3.0.0/toolchain/bin/../lib/gcc/arm-none-eabi/4.8.4/../../../../arm-none-eabi/lib/armv6-m\libg_s.a(lib_a-malloc.o) (_free_r)
c:/freescale/kds_3.0.0/toolchain/bin/../lib/gcc/arm-none-eabi/4.8.4/../../../../arm-none-eabi/lib/armv6-m\libg_s.a(lib_a-nano-mallocr.o)
                              c:/freescale/kds_3.0.0/toolchain/bin/../lib/gcc/arm-none-eabi/4.8.4/../../../../arm-none-eabi/lib/armv6-m\libg_s.a(lib_a-malloc.o) (_malloc_r)
[...]
Memory Configuration

Name             Origin             Length             Attributes
m_interrupts     0x00000000         0x00000200         xr
m_flash_config   0x00000400         0x00000010         xr
m_interrupts_ram 0x1ffff000         0x00000200         rw
m_text           0x00000410         0x0001fbf0         xr
m_data           0x1ffff200         0x00003e00         rw
*default*        0x00000000         0xffffffff

Linker script and memory map

LOAD c:/freescale/kds_3.0.0/toolchain/bin/../lib/gcc/arm-none-eabi/4.8.4/armv6-m/crti.o
LOAD c:/freescale/kds_3.0.0/toolchain/bin/../lib/gcc/arm-none-eabi/4.8.4/armv6-m/crtbegin.o
LOAD c:/freescale/kds_3.0.0/toolchain/bin/../lib/gcc/arm-none-eabi/4.8.4/../../../../arm-none-eabi/lib/armv6-m/crt0.o
LOAD ./Static_Code/System/PE_low_level_init.o
LOAD ./Sources/Events.o
LOAD ./Sources/main.o
LOAD ./SDK/platform/utilities/src/fsl_debug_console.o
LOAD ./SDK/platform/utilities/src/print_scan.o
LOAD ./SDK/platform/system/src/interrupt/fsl_interrupt_manager.o
LOAD ./SDK/platform/system/src/clock/MKL26Z4/fsl_clock_MKL26Z4.o
LOAD ./SDK/platform/system/src/clock/fsl_clock_manager.o
LOAD ./SDK/platform/system/src/clock/fsl_clock_manager_common.o
LOAD ./SDK/platform/osa/src/fsl_os_abstraction_bm.o
LOAD ./SDK/platform/hal/src/uart/fsl_uart_hal.o
LOAD ./SDK/platform/hal/src/sim/MKL26Z4/fsl_sim_hal_MKL26Z4.o
LOAD ./SDK/platform/hal/src/rtc/fsl_rtc_hal.o
LOAD ./SDK/platform/hal/src/port/fsl_port_hal.o
LOAD ./SDK/platform/hal/src/osc/fsl_osc_hal.o
LOAD ./SDK/platform/hal/src/mcg/fsl_mcg_hal.o
LOAD ./SDK/platform/hal/src/mcg/fsl_mcg_hal_modes.o
LOAD ./SDK/platform/hal/src/lptmr/fsl_lptmr_hal.o
LOAD ./SDK/platform/hal/src/lpsci/fsl_lpsci_hal.o
LOAD ./SDK/platform/hal/src/gpio/fsl_gpio_hal.o
LOAD ./SDK/platform/hal/src/adc16/fsl_adc16_hal.o
LOAD ./SDK/platform/drivers/src/rtc/fsl_rtc_common.o
LOAD ./SDK/platform/drivers/src/lptmr/fsl_lptmr_common.o
LOAD ./SDK/platform/drivers/src/lptmr/fsl_lptmr_driver.o
LOAD ./SDK/platform/drivers/src/gpio/fsl_gpio_common.o
LOAD ./SDK/platform/drivers/src/gpio/fsl_gpio_driver.o
LOAD ./SDK/platform/drivers/src/adc16/fsl_adc16_common.o
LOAD ./SDK/platform/drivers/src/adc16/fsl_adc16_driver.o
LOAD ./SDK/platform/devices/MKL26Z4/startup/gcc/startup_MKL26Z4.o
LOAD ./SDK/platform/devices/MKL26Z4/startup/system_MKL26Z4.o
LOAD ./SDK/platform/devices/startup.o
LOAD ./Generated_Code/Cpu.o
LOAD ./Generated_Code/DbgCs1.o
LOAD ./Generated_Code/adConv1.o
LOAD ./Generated_Code/clockMan1.o
LOAD ./Generated_Code/gpio1.o
LOAD ./Generated_Code/hardware_init.o
LOAD ./Generated_Code/lpTmr1.o
LOAD ./Generated_Code/osa1.o
LOAD ./Generated_Code/pin_init.o
LOAD c:/freescale/kds_3.0.0/toolchain/bin/../lib/gcc/arm-none-eabi/4.8.4/../../../../arm-none-eabi/lib/armv6-m\libstdc++_s.a
LOAD c:/freescale/kds_3.0.0/toolchain/bin/../lib/gcc/arm-none-eabi/4.8.4/../../../../arm-none-eabi/lib/armv6-m\libm.a
START GROUP
LOAD c:/freescale/kds_3.0.0/toolchain/bin/../lib/gcc/arm-none-eabi/4.8.4/armv6-m\libgcc.a
LOAD c:/freescale/kds_3.0.0/toolchain/bin/../lib/gcc/arm-none-eabi/4.8.4/../../../../arm-none-eabi/lib/armv6-m\libg_s.a
LOAD c:/freescale/kds_3.0.0/toolchain/bin/../lib/gcc/arm-none-eabi/4.8.4/../../../../arm-none-eabi/lib/armv6-m\libc_s.a
END GROUP
START GROUP
LOAD c:/freescale/kds_3.0.0/toolchain/bin/../lib/gcc/arm-none-eabi/4.8.4/armv6-m\libgcc.a
LOAD c:/freescale/kds_3.0.0/toolchain/bin/../lib/gcc/arm-none-eabi/4.8.4/../../../../arm-none-eabi/lib/armv6-m\libc_s.a
LOAD c:/freescale/kds_3.0.0/toolchain/bin/../lib/gcc/arm-none-eabi/4.8.4/../../../../arm-none-eabi/lib/armv6-m\libnosys.a
END GROUP
START GROUP
LOAD c:/freescale/kds_3.0.0/toolchain/bin/../lib/gcc/arm-none-eabi/4.8.4/armv6-m\libgcc.a
LOAD c:/freescale/kds_3.0.0/toolchain/bin/../lib/gcc/arm-none-eabi/4.8.4/../../../../arm-none-eabi/lib/armv6-m\libc_s.a
LOAD c:/freescale/kds_3.0.0/toolchain/bin/../lib/gcc/arm-none-eabi/4.8.4/../../../../arm-none-eabi/lib/armv6-m\libnosys.a
END GROUP
LOAD c:/freescale/kds_3.0.0/toolchain/bin/../lib/gcc/arm-none-eabi/4.8.4/armv6-m/crtend.o
LOAD c:/freescale/kds_3.0.0/toolchain/bin/../lib/gcc/arm-none-eabi/4.8.4/armv6-m/crtn.o
                0x00000000                HEAP_SIZE = DEFINED (__heap_size__)?__heap_size__:0x0
                0x00000400                STACK_SIZE = DEFINED (__stack_size__)?__stack_size__:0x400

.interrupts     0x00000000       0xc0
                0x00000000                __VECTOR_TABLE = .
                0x00000000                . = ALIGN (0x4)
 *(.isr_vector)
 .isr_vector    0x00000000       0xc0 ./SDK/platform/devices/MKL26Z4/startup/gcc/startup_MKL26Z4.o
                0x00000000                __isr_vector
                0x000000c0                . = ALIGN (0x4)
                0x1ffff000                __VECTOR_RAM = ORIGIN (m_interrupts_ram)

.flash_config   0x00000400       0x10
                0x00000400                . = ALIGN (0x4)
 *(.FlashConfig)
 .FlashConfig   0x00000400       0x10 ./SDK/platform/devices/MKL26Z4/startup/gcc/startup_MKL26Z4.o
                0x00000410                . = ALIGN (0x4)

.text           0x00000410     0x66fc
                0x00000410                . = ALIGN (0x4)
 *(.text)
 .text          0x00000410       0x60 c:/freescale/kds_3.0.0/toolchain/bin/../lib/gcc/arm-none-eabi/4.8.4/armv6-m/crtbegin.o
 .text          0x00000470       0x78 c:/freescale/kds_3.0.0/toolchain/bin/../lib/gcc/arm-none-eabi/4.8.4/../../../../arm-none-eabi/lib/armv6-m/crt0.o
                0x00000470                _start
                0x00000470                _mainCRTStartup
 .text          0x000004e8       0x18 ./SDK/platform/devices/MKL26Z4/startup/gcc/startup_MKL26Z4.o
                0x000004e8                Reset_Handler
                0x000004f8                HardFault_Handler
                0x000004f8                PendSV_Handler
                0x000004f8                NMI_Handler
                0x000004f8                PORTC_PORTD_IRQHandler
                0x000004f8                I2C1_IRQHandler
                0x000004f8                UART1_IRQHandler
                0x000004f8                DMA2_IRQHandler
                0x000004f8                TPM0_IRQHandler
                0x000004f8                I2S0_IRQHandler
                0x000004f8                LLWU_IRQHandler
                0x000004f8                TSI0_IRQHandler
                0x000004f8                UART0_IRQHandler
                0x000004f8                SPI1_IRQHandler
                0x000004f8                DefaultISR
                0x000004f8                TPM2_IRQHandler
                0x000004f8                RTC_IRQHandler
                0x000004f8                I2C0_IRQHandler
                0x000004f8                RTC_Seconds_IRQHandler
                0x000004f8                MCG_IRQHandler
                0x000004f8                UART2_IRQHandler
                0x000004f8                Reserved20_IRQHandler
                0x000004f8                USB0_IRQHandler
                0x000004f8                PIT_IRQHandler
                0x000004f8                SVC_Handler
                0x000004f8                DMA3_IRQHandler
                0x000004f8                DMA0_IRQHandler
                0x000004f8                DAC0_IRQHandler
                0x000004f8                Reserved45_IRQHandler
                0x000004f8                TPM1_IRQHandler
                0x000004f8                LVD_LVW_IRQHandler
                0x000004f8                SPI0_IRQHandler
                0x000004f8                PORTA_IRQHandler
                0x000004f8                FTFA_IRQHandler
                0x000004f8                CMP0_IRQHandler
                0x000004f8                DMA1_IRQHandler
 .text          0x00000500       0x9c c:/freescale/kds_3.0.0/toolchain/bin/../lib/gcc/arm-none-eabi/4.8.4/armv6-m\libgcc.a(_udivsi3.o)
                0x00000500                __aeabi_uidiv
                0x00000500                __udivsi3
                0x00000588                __aeabi_uidivmod
 .text          0x0000059c       0xc0 c:/freescale/kds_3.0.0/toolchain/bin/../lib/gcc/arm-none-eabi/4.8.4/armv6-m\libgcc.a(_divsi3.o)
                0x0000059c                __divsi3
                0x0000059c                __aeabi_idiv
                0x00000648                __aeabi_idivmod
 .text          0x0000065c        0x4 c:/freescale/kds_3.0.0/toolchain/bin/../lib/gcc/arm-none-eabi/4.8.4/armv6-m\libgcc.a(_dvmd_tls.o)
                0x0000065c                __aeabi_idiv0
                0x0000065c                __aeabi_ldiv0
 .text          0x00000660       0x40 c:/freescale/kds_3.0.0/toolchain/bin/../lib/gcc/arm-none-eabi/4.8.4/armv6-m\libgcc.a(_aeabi_uldivmod.o)
                0x00000660                __aeabi_uldivmod
 .text          0x000006a0       0x44 c:/freescale/kds_3.0.0/toolchain/bin/../lib/gcc/arm-none-eabi/4.8.4/armv6-m\libgcc.a(_muldi3.o)
                0x000006a0                __muldi3
                0x000006a0                __aeabi_lmul
 .text          0x000006e4       0x6c c:/freescale/kds_3.0.0/toolchain/bin/../lib/gcc/arm-none-eabi/4.8.4/armv6-m\libgcc.a(bpabi.o)
                0x000006e4                __gnu_ldivmod_helper
                0x0000071c                __gnu_uldivmod_helper
 .text          0x00000750      0x3b8 c:/freescale/kds_3.0.0/toolchain/bin/../lib/gcc/arm-none-eabi/4.8.4/armv6-m\libgcc.a(_divdi3.o)
                0x00000750                __divdi3
 .text          0x00000b08      0x384 c:/freescale/kds_3.0.0/toolchain/bin/../lib/gcc/arm-none-eabi/4.8.4/armv6-m\libgcc.a(_udivdi3.o)
                0x00000b08                __udivdi3
 .text          0x00000e8c       0x3c c:/freescale/kds_3.0.0/toolchain/bin/../lib/gcc/arm-none-eabi/4.8.4/armv6-m\libgcc.a(_clzsi2.o)
                0x00000e8c                __clzsi2
 *(.text*)
 .text.PEX_components_init
                0x00000ec8        0xc ./Static_Code/System/PE_low_level_init.o
                0x00000ec8                PEX_components_init
 .text.PE_low_level_init
                0x00000ed4       0x14 ./Static_Code/System/PE_low_level_init.o
                0x00000ed4                PE_low_level_init
 .text.lpTmr1_OnTimerCompare
                0x00000ee8       0x1c ./Sources/Events.o
                0x00000ee8                lpTmr1_OnTimerCompare
 .text.ADC0_IRQHandler
                0x00000f04        0x8 ./Sources/Events.o
                0x00000f04                ADC0_IRQHandler
 .text.PMC_HAL_BandgapBufferConfig
                0x00000f0c       0x2c ./Sources/main.o
 .text.main     0x00000f38       0x88 ./Sources/main.o
                0x00000f38                main
 .text.calibrateParams
                0x00000fc0      0x100 ./Sources/main.o
                0x00000fc0                calibrateParams
 .text.ADC16_Measure
                0x000010c0       0x7c ./Sources/main.o
                0x000010c0                ADC16_Measure
 .text.get_current_temperature
                0x0000113c       0x4c ./Sources/main.o
                0x0000113c                get_current_temperature
 .text.UART_HAL_EnableTransmitter
                0x00001188       0x1c ./SDK/platform/utilities/src/fsl_debug_console.o
 .text.UART_HAL_EnableReceiver
                0x000011a4       0x1c ./SDK/platform/utilities/src/fsl_debug_console.o
 .text.UART_HAL_SetBitCountPerChar
                0x000011c0       0x28 ./SDK/platform/utilities/src/fsl_debug_console.o
 .text.UART_HAL_SetStopBitCount
                0x000011e8       0x28 ./SDK/platform/utilities/src/fsl_debug_console.o
 .text.LPSCI_HAL_EnableTransmitter
                0x00001210       0x1c ./SDK/platform/utilities/src/fsl_debug_console.o
 .text.LPSCI_HAL_EnableReceiver
                0x0000122c       0x1c ./SDK/platform/utilities/src/fsl_debug_console.o
 .text.LPSCI_HAL_SetBitCountPerChar
                0x00001248       0x28 ./SDK/platform/utilities/src/fsl_debug_console.o
 .text.LPSCI_HAL_SetStopBitCount
                0x00001270       0x28 ./SDK/platform/utilities/src/fsl_debug_console.o
 .text.DbgConsole_Init
                0x00001298      0x160 ./SDK/platform/utilities/src/fsl_debug_console.o
                0x00001298                DbgConsole_Init
 .text._write   0x000013f8       0x5c ./SDK/platform/utilities/src/fsl_debug_console.o
                0x000013f8                _write
 .text._read    0x00001454       0x48 ./SDK/platform/utilities/src/fsl_debug_console.o
                0x00001454                _read
 .text.debug_printf
                0x0000149c       0x4c ./SDK/platform/utilities/src/fsl_debug_console.o
                0x0000149c                debug_printf
 .text.debug_putc
                0x000014e8       0x44 ./SDK/platform/utilities/src/fsl_debug_console.o
 .text._doprint
                0x0000152c      0x6e4 ./SDK/platform/utilities/src/print_scan.o
                0x0000152c                _doprint
 .text.mknumstr
                0x00001c10      0x110 ./SDK/platform/utilities/src/print_scan.o
 .text.fput_pad
                0x00001d20       0x44 ./SDK/platform/utilities/src/print_scan.o
 .text.INT_SYS_InstallHandler
                0x00001d64       0x84 ./SDK/platform/system/src/interrupt/fsl_interrupt_manager.o
                0x00001d64                INT_SYS_InstallHandler
 .text.SIM_HAL_EnableClock
                0x00001de8       0x58 ./SDK/platform/system/src/clock/MKL26Z4/fsl_clock_MKL26Z4.o
 .text.CLOCK_HAL_GetLpsciSrc
                0x00001e40       0x28 ./SDK/platform/system/src/clock/MKL26Z4/fsl_clock_MKL26Z4.o
 .text.CLOCK_HAL_GetExternalRefClock32kSrc
                0x00001e68       0x20 ./SDK/platform/system/src/clock/MKL26Z4/fsl_clock_MKL26Z4.o
 .text.CLOCK_HAL_GetPllfllSel
                0x00001e88       0x24 ./SDK/platform/system/src/clock/MKL26Z4/fsl_clock_MKL26Z4.o
 .text.CLOCK_HAL_GetOutDiv1
                0x00001eac       0x28 ./SDK/platform/system/src/clock/MKL26Z4/fsl_clock_MKL26Z4.o
 .text.CLOCK_HAL_GetOutDiv4
                0x00001ed4       0x28 ./SDK/platform/system/src/clock/MKL26Z4/fsl_clock_MKL26Z4.o
 .text.CLOCK_SYS_GetLpoClockFreq
                0x00001efc       0x10 ./SDK/platform/system/src/clock/MKL26Z4/fsl_clock_MKL26Z4.o
 .text.OSC_HAL_GetExternalRefClkCmd
                0x00001f0c       0x24 ./SDK/platform/system/src/clock/MKL26Z4/fsl_clock_MKL26Z4.o
 .text.CLOCK_SYS_GetCoreClockFreq
                0x00001f30       0x34 ./SDK/platform/system/src/clock/MKL26Z4/fsl_clock_MKL26Z4.o
                0x00001f30                CLOCK_SYS_GetCoreClockFreq
 .text.CLOCK_SYS_GetSystemClockFreq
                0x00001f64       0x34 ./SDK/platform/system/src/clock/MKL26Z4/fsl_clock_MKL26Z4.o
                0x00001f64                CLOCK_SYS_GetSystemClockFreq
 .text.CLOCK_SYS_GetBusClockFreq
                0x00001f98       0x2c ./SDK/platform/system/src/clock/MKL26Z4/fsl_clock_MKL26Z4.o
                0x00001f98                CLOCK_SYS_GetBusClockFreq
 .text.CLOCK_SYS_GetPllFllClockFreq
                0x00001fc4       0x5c ./SDK/platform/system/src/clock/MKL26Z4/fsl_clock_MKL26Z4.o
                0x00001fc4                CLOCK_SYS_GetPllFllClockFreq
 .text.CLOCK_SYS_GetExternalRefClock32kFreq
                0x00002020       0x6c ./SDK/platform/system/src/clock/MKL26Z4/fsl_clock_MKL26Z4.o
                0x00002020                CLOCK_SYS_GetExternalRefClock32kFreq
 .text.CLOCK_SYS_GetOsc0ExternalRefClockFreq
                0x0000208c       0x2c ./SDK/platform/system/src/clock/MKL26Z4/fsl_clock_MKL26Z4.o
                0x0000208c                CLOCK_SYS_GetOsc0ExternalRefClockFreq
 .text.CLOCK_SYS_GetLptmrFreq
                0x000020b8       0x68 ./SDK/platform/system/src/clock/MKL26Z4/fsl_clock_MKL26Z4.o
                0x000020b8                CLOCK_SYS_GetLptmrFreq
 .text.CLOCK_SYS_GetLpsciFreq
                0x00002120       0x68 ./SDK/platform/system/src/clock/MKL26Z4/fsl_clock_MKL26Z4.o
                0x00002120                CLOCK_SYS_GetLpsciFreq
 .text.CLOCK_SYS_GetUartFreq
                0x00002188       0x2c ./SDK/platform/system/src/clock/MKL26Z4/fsl_clock_MKL26Z4.o
                0x00002188                CLOCK_SYS_GetUartFreq
 .text.CLOCK_SYS_EnablePortClock
                0x000021b4       0x4c ./SDK/platform/system/src/clock/MKL26Z4/fsl_clock_MKL26Z4.o
                0x000021b4                CLOCK_SYS_EnablePortClock
 .text.CLOCK_SYS_EnableAdcClock
                0x00002200       0x40 ./SDK/platform/system/src/clock/MKL26Z4/fsl_clock_MKL26Z4.o
                0x00002200                CLOCK_SYS_EnableAdcClock
 .text.CLOCK_SYS_EnableLpsciClock
                0x00002240       0x40 ./SDK/platform/system/src/clock/MKL26Z4/fsl_clock_MKL26Z4.o
                0x00002240                CLOCK_SYS_EnableLpsciClock
 .text.CLOCK_SYS_EnableUartClock
                0x00002280       0x4c ./SDK/platform/system/src/clock/MKL26Z4/fsl_clock_MKL26Z4.o
                0x00002280                CLOCK_SYS_EnableUartClock
 .text.CLOCK_SYS_GetSystickFreq
                0x000022cc       0x28 ./SDK/platform/system/src/clock/fsl_clock_manager.o
                0x000022cc                CLOCK_SYS_GetSystickFreq
 .text.task_init
                0x000022f4       0x60 ./SDK/platform/osa/src/fsl_os_abstraction_bm.o
                0x000022f4                task_init
 .text.OSA_InstallIntHandler
                0x00002354       0x24 ./SDK/platform/osa/src/fsl_os_abstraction_bm.o
                0x00002354                OSA_InstallIntHandler
 .text.OSA_Init
                0x00002378       0x14 ./SDK/platform/osa/src/fsl_os_abstraction_bm.o
                0x00002378                OSA_Init
 .text.UART_HAL_SetBaudRate
                0x0000238c       0x6c ./SDK/platform/hal/src/uart/fsl_uart_hal.o
                0x0000238c                UART_HAL_SetBaudRate
 .text.UART_HAL_SetParityMode
                0x000023f8       0x40 ./SDK/platform/hal/src/uart/fsl_uart_hal.o
                0x000023f8                UART_HAL_SetParityMode
 .text.UART_HAL_Putchar
                0x00002438       0x34 ./SDK/platform/hal/src/uart/fsl_uart_hal.o
                0x00002438                UART_HAL_Putchar
 .text.UART_HAL_Getchar
                0x0000246c       0x34 ./SDK/platform/hal/src/uart/fsl_uart_hal.o
                0x0000246c                UART_HAL_Getchar
 .text.UART_HAL_SendDataPolling
                0x000024a0       0x44 ./SDK/platform/hal/src/uart/fsl_uart_hal.o
                0x000024a0                UART_HAL_SendDataPolling
 .text.UART_HAL_ReceiveDataPolling
                0x000024e4       0xa4 ./SDK/platform/hal/src/uart/fsl_uart_hal.o
                0x000024e4                UART_HAL_ReceiveDataPolling
 .text.CLOCK_HAL_GetClkOutStat
                0x00002588       0x20 ./SDK/platform/hal/src/mcg/fsl_mcg_hal.o
 .text.CLOCK_HAL_IsPllSelected
                0x000025a8       0x24 ./SDK/platform/hal/src/mcg/fsl_mcg_hal.o
 .text.CLOCK_HAL_GetMcgExternalClkFreq
                0x000025cc       0x18 ./SDK/platform/hal/src/mcg/fsl_mcg_hal.o
 .text.CLOCK_HAL_TestFllExternalRefFreq
                0x000025e4       0x7c ./SDK/platform/hal/src/mcg/fsl_mcg_hal.o
                0x000025e4                CLOCK_HAL_TestFllExternalRefFreq
 .text.CLOCK_HAL_GetFllRefClk
                0x00002660       0x8c ./SDK/platform/hal/src/mcg/fsl_mcg_hal.o
                0x00002660                CLOCK_HAL_GetFllRefClk
 .text.CLOCK_HAL_TestFllFreq
                0x000026ec       0x6c ./SDK/platform/hal/src/mcg/fsl_mcg_hal.o
                0x000026ec                CLOCK_HAL_TestFllFreq
 .text.CLOCK_HAL_GetFllClk
                0x00002758       0x7c ./SDK/platform/hal/src/mcg/fsl_mcg_hal.o
                0x00002758                CLOCK_HAL_GetFllClk
 .text.CLOCK_HAL_GetPll0RefFreq
                0x000027d4       0x1c ./SDK/platform/hal/src/mcg/fsl_mcg_hal.o
                0x000027d4                CLOCK_HAL_GetPll0RefFreq
 .text.CLOCK_HAL_GetPll0Clk
                0x000027f0       0x90 ./SDK/platform/hal/src/mcg/fsl_mcg_hal.o
                0x000027f0                CLOCK_HAL_GetPll0Clk
 .text.CLOCK_HAL_GetInternalRefClk
                0x00002880       0x64 ./SDK/platform/hal/src/mcg/fsl_mcg_hal.o
                0x00002880                CLOCK_HAL_GetInternalRefClk
 .text.CLOCK_HAL_GetOutClk
                0x000028e4       0x7c ./SDK/platform/hal/src/mcg/fsl_mcg_hal.o
                0x000028e4                CLOCK_HAL_GetOutClk
 .text.LPTMR_HAL_SetTimerWorkingMode
                0x00002960       0x5c ./SDK/platform/hal/src/lptmr/fsl_lptmr_hal.o
                0x00002960                LPTMR_HAL_SetTimerWorkingMode
 .text.LPTMR_HAL_SetPrescalerMode
                0x000029bc       0x3c ./SDK/platform/hal/src/lptmr/fsl_lptmr_hal.o
                0x000029bc                LPTMR_HAL_SetPrescalerMode
 .text.LPSCI_HAL_Putchar
                0x000029f8       0x1c ./SDK/platform/hal/src/lpsci/fsl_lpsci_hal.o
 .text.LPSCI_HAL_Getchar
                0x00002a14       0x1c ./SDK/platform/hal/src/lpsci/fsl_lpsci_hal.o
 .text.LPSCI_HAL_SetBaudRate
                0x00002a30      0x14c ./SDK/platform/hal/src/lpsci/fsl_lpsci_hal.o
                0x00002a30                LPSCI_HAL_SetBaudRate
 .text.LPSCI_HAL_SetParityMode
                0x00002b7c       0x40 ./SDK/platform/hal/src/lpsci/fsl_lpsci_hal.o
                0x00002b7c                LPSCI_HAL_SetParityMode
 .text.LPSCI_HAL_SendDataPolling
                0x00002bbc       0x44 ./SDK/platform/hal/src/lpsci/fsl_lpsci_hal.o
                0x00002bbc                LPSCI_HAL_SendDataPolling
 .text.LPSCI_HAL_ReceiveDataPolling
                0x00002c00       0x88 ./SDK/platform/hal/src/lpsci/fsl_lpsci_hal.o
                0x00002c00                LPSCI_HAL_ReceiveDataPolling
 .text.GPIO_HAL_SetPinDir
                0x00002c88       0x6c ./SDK/platform/hal/src/gpio/fsl_gpio_hal.o
                0x00002c88                GPIO_HAL_SetPinDir
 .text.GPIO_HAL_WritePinOutput
                0x00002cf4       0x50 ./SDK/platform/hal/src/gpio/fsl_gpio_hal.o
                0x00002cf4                GPIO_HAL_WritePinOutput
 .text.ADC16_HAL_Init
                0x00002d44       0x34 ./SDK/platform/hal/src/adc16/fsl_adc16_hal.o
                0x00002d44                ADC16_HAL_Init
 .text.ADC16_HAL_GetAutoPlusSideGainValue
                0x00002d78       0xe4 ./SDK/platform/hal/src/adc16/fsl_adc16_hal.o
                0x00002d78                ADC16_HAL_GetAutoPlusSideGainValue
 .text.ADC16_HAL_GetAutoMinusSideGainValue
                0x00002e5c       0xe4 ./SDK/platform/hal/src/adc16/fsl_adc16_hal.o
                0x00002e5c                ADC16_HAL_GetAutoMinusSideGainValue
 .text.ADC16_HAL_ConfigChn
                0x00002f40       0x94 ./SDK/platform/hal/src/adc16/fsl_adc16_hal.o
                0x00002f40                ADC16_HAL_ConfigChn
 .text.ADC16_HAL_ConfigConverter
                0x00002fd4      0x1d0 ./SDK/platform/hal/src/adc16/fsl_adc16_hal.o
                0x00002fd4                ADC16_HAL_ConfigConverter
 .text.ADC16_HAL_ConfigHwAverage
                0x000031a4       0x68 ./SDK/platform/hal/src/adc16/fsl_adc16_hal.o
                0x000031a4                ADC16_HAL_ConfigHwAverage
 .text.NVIC_EnableIRQ
                0x0000320c       0x2c ./SDK/platform/drivers/src/lptmr/fsl_lptmr_driver.o
 .text.NVIC_DisableIRQ
                0x00003238       0x30 ./SDK/platform/drivers/src/lptmr/fsl_lptmr_driver.o
 .text.LPTMR_HAL_Enable
                0x00003268       0x1c ./SDK/platform/drivers/src/lptmr/fsl_lptmr_driver.o
 .text.LPTMR_HAL_Disable
                0x00003284       0x1c ./SDK/platform/drivers/src/lptmr/fsl_lptmr_driver.o
 .text.LPTMR_HAL_ClearIntFlag
                0x000032a0       0x1c ./SDK/platform/drivers/src/lptmr/fsl_lptmr_driver.o
 .text.LPTMR_HAL_SetIntCmd
                0x000032bc       0x24 ./SDK/platform/drivers/src/lptmr/fsl_lptmr_driver.o
 .text.LPTMR_HAL_SetCompareValue
                0x000032e0       0x20 ./SDK/platform/drivers/src/lptmr/fsl_lptmr_driver.o
 .text.SIM_HAL_EnableClock
                0x00003300       0x58 ./SDK/platform/drivers/src/lptmr/fsl_lptmr_driver.o
 .text.SIM_HAL_GetGateCmd
                0x00003358       0x50 ./SDK/platform/drivers/src/lptmr/fsl_lptmr_driver.o
 .text.INT_SYS_EnableIRQ
                0x000033a8       0x5c ./SDK/platform/drivers/src/lptmr/fsl_lptmr_driver.o
 .text.INT_SYS_DisableIRQ
                0x00003404       0x5c ./SDK/platform/drivers/src/lptmr/fsl_lptmr_driver.o
 .text.CLOCK_SYS_EnableLptmrClock
                0x00003460       0x1c ./SDK/platform/drivers/src/lptmr/fsl_lptmr_driver.o
 .text.CLOCK_SYS_GetLptmrGateCmd
                0x0000347c       0x20 ./SDK/platform/drivers/src/lptmr/fsl_lptmr_driver.o
 .text.LPTMR_DRV_Init
                0x0000349c      0x180 ./SDK/platform/drivers/src/lptmr/fsl_lptmr_driver.o
                0x0000349c                LPTMR_DRV_Init
 .text.LPTMR_DRV_Start
                0x0000361c       0x68 ./SDK/platform/drivers/src/lptmr/fsl_lptmr_driver.o
                0x0000361c                LPTMR_DRV_Start
 .text.LPTMR_DRV_SetTimerPeriodUs
                0x00003684      0x128 ./SDK/platform/drivers/src/lptmr/fsl_lptmr_driver.o
                0x00003684                LPTMR_DRV_SetTimerPeriodUs
 .text.LPTMR_DRV_InstallCallback
                0x000037ac       0x68 ./SDK/platform/drivers/src/lptmr/fsl_lptmr_driver.o
                0x000037ac                LPTMR_DRV_InstallCallback
 .text.LPTMR_DRV_IRQHandler
                0x00003814       0x90 ./SDK/platform/drivers/src/lptmr/fsl_lptmr_driver.o
                0x00003814                LPTMR_DRV_IRQHandler
 .text.NVIC_EnableIRQ
                0x000038a4       0x2c ./SDK/platform/drivers/src/gpio/fsl_gpio_driver.o
 .text.PORT_HAL_SetPullMode
                0x000038d0       0x48 ./SDK/platform/drivers/src/gpio/fsl_gpio_driver.o
 .text.PORT_HAL_SetPullCmd
                0x00003918       0x4c ./SDK/platform/drivers/src/gpio/fsl_gpio_driver.o
 .text.PORT_HAL_SetSlewRateMode
                0x00003964       0x4c ./SDK/platform/drivers/src/gpio/fsl_gpio_driver.o
 .text.PORT_HAL_SetPassiveFilterCmd
                0x000039b0       0x4c ./SDK/platform/drivers/src/gpio/fsl_gpio_driver.o
 .text.PORT_HAL_SetDriveStrengthMode
                0x000039fc       0x4c ./SDK/platform/drivers/src/gpio/fsl_gpio_driver.o
 .text.PORT_HAL_SetMuxMode
                0x00003a48       0x4c ./SDK/platform/drivers/src/gpio/fsl_gpio_driver.o
 .text.PORT_HAL_SetPinIntMode
                0x00003a94       0x4c ./SDK/platform/drivers/src/gpio/fsl_gpio_driver.o
 .text.GPIO_HAL_TogglePinOutput
                0x00003ae0       0x3c ./SDK/platform/drivers/src/gpio/fsl_gpio_driver.o
 .text.INT_SYS_EnableIRQ
                0x00003b1c       0x5c ./SDK/platform/drivers/src/gpio/fsl_gpio_driver.o
 .text.GPIO_DRV_Init
                0x00003b78       0x4c ./SDK/platform/drivers/src/gpio/fsl_gpio_driver.o
                0x00003b78                GPIO_DRV_Init
 .text.GPIO_DRV_InputPinInit
                0x00003bc4       0xd4 ./SDK/platform/drivers/src/gpio/fsl_gpio_driver.o
                0x00003bc4                GPIO_DRV_InputPinInit
 .text.GPIO_DRV_OutputPinInit
                0x00003c98       0x9c ./SDK/platform/drivers/src/gpio/fsl_gpio_driver.o
                0x00003c98                GPIO_DRV_OutputPinInit
 .text.GPIO_DRV_TogglePinOutput
                0x00003d34       0x38 ./SDK/platform/drivers/src/gpio/fsl_gpio_driver.o
                0x00003d34                GPIO_DRV_TogglePinOutput
 .text.NVIC_EnableIRQ
                0x00003d6c       0x2c ./SDK/platform/drivers/src/adc16/fsl_adc16_driver.o
 .text.ADC16_HAL_GetChnConvCompletedFlag
                0x00003d98       0x4c ./SDK/platform/drivers/src/adc16/fsl_adc16_driver.o
 .text.ADC16_HAL_GetChnConvValue
                0x00003de4       0x48 ./SDK/platform/drivers/src/adc16/fsl_adc16_driver.o
 .text.ADC16_HAL_SetAutoCalibrationCmd
                0x00003e2c       0x30 ./SDK/platform/drivers/src/adc16/fsl_adc16_driver.o
 .text.ADC16_HAL_GetAutoCalibrationFailedFlag
                0x00003e5c       0x24 ./SDK/platform/drivers/src/adc16/fsl_adc16_driver.o
 .text.ADC16_HAL_SetPlusSideGainValue
                0x00003e80       0x28 ./SDK/platform/drivers/src/adc16/fsl_adc16_driver.o
 .text.ADC16_HAL_SetMinusSideGainValue
                0x00003ea8       0x28 ./SDK/platform/drivers/src/adc16/fsl_adc16_driver.o
 .text.ADC16_HAL_GetOffsetValue
                0x00003ed0       0x20 ./SDK/platform/drivers/src/adc16/fsl_adc16_driver.o
 .text.ADC16_HAL_SetOffsetValue
                0x00003ef0       0x28 ./SDK/platform/drivers/src/adc16/fsl_adc16_driver.o
 .text.INT_SYS_EnableIRQ
                0x00003f18       0x5c ./SDK/platform/drivers/src/adc16/fsl_adc16_driver.o
 .text.ADC16_DRV_GetAutoCalibrationParam
                0x00003f74       0xdc ./SDK/platform/drivers/src/adc16/fsl_adc16_driver.o
                0x00003f74                ADC16_DRV_GetAutoCalibrationParam
 .text.ADC16_DRV_SetCalibrationParam
                0x00004050       0x78 ./SDK/platform/drivers/src/adc16/fsl_adc16_driver.o
                0x00004050                ADC16_DRV_SetCalibrationParam
 .text.ADC16_DRV_Init
                0x000040c8       0x7c ./SDK/platform/drivers/src/adc16/fsl_adc16_driver.o
                0x000040c8                ADC16_DRV_Init
 .text.ADC16_DRV_ConfigHwAverage
                0x00004144       0x58 ./SDK/platform/drivers/src/adc16/fsl_adc16_driver.o
                0x00004144                ADC16_DRV_ConfigHwAverage
 .text.ADC16_DRV_ConfigConvChn
                0x0000419c       0x60 ./SDK/platform/drivers/src/adc16/fsl_adc16_driver.o
                0x0000419c                ADC16_DRV_ConfigConvChn
 .text.ADC16_DRV_WaitConvDone
                0x000041fc       0x58 ./SDK/platform/drivers/src/adc16/fsl_adc16_driver.o
                0x000041fc                ADC16_DRV_WaitConvDone
 .text.ADC16_DRV_PauseConv
                0x00004254       0x5c ./SDK/platform/drivers/src/adc16/fsl_adc16_driver.o
                0x00004254                ADC16_DRV_PauseConv
 .text.ADC16_DRV_GetConvValueRAW
                0x000042b0       0x50 ./SDK/platform/drivers/src/adc16/fsl_adc16_driver.o
                0x000042b0                ADC16_DRV_GetConvValueRAW
 .text.ADC16_DRV_GetConvValueSigned
                0x00004300       0x24 ./SDK/platform/drivers/src/adc16/fsl_adc16_driver.o
                0x00004300                ADC16_DRV_GetConvValueSigned
 .text.SystemInit
                0x00004324      0x178 ./SDK/platform/devices/MKL26Z4/startup/system_MKL26Z4.o
                0x00004324                SystemInit
 .text.init_data_bss
                0x0000449c       0xc8 ./SDK/platform/devices/startup.o
                0x0000449c                init_data_bss
 .text.NVIC_SetPriority
                0x00004564       0xe0 ./Generated_Code/Cpu.o
 .text.CLOCK_HAL_SetLpsciSrc
                0x00004644       0x30 ./Generated_Code/Cpu.o
 .text.CLOCK_SYS_SetLpsciSrc
                0x00004674       0x2c ./Generated_Code/Cpu.o
 .text.Components_Init
                0x000046a0       0x8c ./Generated_Code/Cpu.o
                0x000046a0                Components_Init
 .text.SIM_HAL_EnableClock
                0x0000472c       0x58 ./Generated_Code/hardware_init.o
 .text.hardware_init
                0x00004784       0x5c ./Generated_Code/hardware_init.o
                0x00004784                hardware_init
 .text.LPTMR0_IRQHandler
                0x000047e0       0x10 ./Generated_Code/lpTmr1.o
                0x000047e0                LPTMR0_IRQHandler
 .text.NVIC_SetPriority
                0x000047f0       0xe0 ./Generated_Code/osa1.o
 .text.CLOCK_SYS_SetSystickSrc
                0x000048d0       0x30 ./Generated_Code/osa1.o
 .text.SysTick_Handler
                0x00004900       0x1c ./Generated_Code/osa1.o
                0x00004900                SysTick_Handler
 *fill*         0x0000491c        0x4 
 .text.OSA_TimeInit
                0x00004920       0xa0 ./Generated_Code/osa1.o
                0x00004920                OSA_TimeInit
 .text.PORT_HAL_SetSlewRateMode
                0x000049c0       0x4c ./Generated_Code/pin_init.o
 .text.PORT_HAL_SetMuxMode
                0x00004a0c       0x4c ./Generated_Code/pin_init.o
 .text.SIM_HAL_SetLpsciRxSrcMode
                0x00004a58       0x2c ./Generated_Code/pin_init.o
 .text.SIM_HAL_SetLpsciTxSrcMode
                0x00004a84       0x2c ./Generated_Code/pin_init.o
 .text.init_coredebug_pins
                0x00004ab0       0x2c ./Generated_Code/pin_init.o
                0x00004ab0                init_coredebug_pins
 .text.init_gpio_pins
                0x00004adc       0x4c ./Generated_Code/pin_init.o
                0x00004adc                init_gpio_pins
 .text.init_osc_pins
                0x00004b28       0x2c ./Generated_Code/pin_init.o
                0x00004b28                init_osc_pins
 .text.init_rcm_pins
                0x00004b54       0x20 ./Generated_Code/pin_init.o
                0x00004b54                init_rcm_pins
 .text.init_uart0_pins
                0x00004b74       0x48 ./Generated_Code/pin_init.o
                0x00004b74                init_uart0_pins
 .text.__assert_func
                0x00004bbc       0x3c c:/freescale/kds_3.0.0/toolchain/bin/../lib/gcc/arm-none-eabi/4.8.4/../../../../arm-none-eabi/lib/armv6-m\libg_s.a(lib_a-assert.o)
                0x00004bbc                __assert_func
 .text.exit     0x00004bf8       0x2c c:/freescale/kds_3.0.0/toolchain/bin/../lib/gcc/arm-none-eabi/4.8.4/../../../../arm-none-eabi/lib/armv6-m\libg_s.a(lib_a-exit.o)
                0x00004bf8                exit
 .text.fprintf  0x00004c24       0x24 c:/freescale/kds_3.0.0/toolchain/bin/../lib/gcc/arm-none-eabi/4.8.4/../../../../arm-none-eabi/lib/armv6-m\libg_s.a(lib_a-fprintf.o)
                0x00004c24                fiprintf
                0x00004c24                fprintf
 .text.__libc_init_array
                0x00004c48       0x4c c:/freescale/kds_3.0.0/toolchain/bin/../lib/gcc/arm-none-eabi/4.8.4/../../../../arm-none-eabi/lib/armv6-m\libg_s.a(lib_a-init.o)
                0x00004c48                __libc_init_array
 .text.memset   0x00004c94       0x10 c:/freescale/kds_3.0.0/toolchain/bin/../lib/gcc/arm-none-eabi/4.8.4/../../../../arm-none-eabi/lib/armv6-m\libg_s.a(lib_a-memset.o)
                0x00004c94                memset
 .text._free_r  0x00004ca4       0x90 c:/freescale/kds_3.0.0/toolchain/bin/../lib/gcc/arm-none-eabi/4.8.4/../../../../arm-none-eabi/lib/armv6-m\libg_s.a(lib_a-nano-freer.o)
                0x00004ca4                _free_r
 .text._malloc_r
                0x00004d34       0xa8 c:/freescale/kds_3.0.0/toolchain/bin/../lib/gcc/arm-none-eabi/4.8.4/../../../../arm-none-eabi/lib/armv6-m\libg_s.a(lib_a-nano-mallocr.o)
                0x00004d34                _malloc_r
 .text.printf   0x00004ddc       0x34 c:/freescale/kds_3.0.0/toolchain/bin/../lib/gcc/arm-none-eabi/4.8.4/../../../../arm-none-eabi/lib/armv6-m\libg_s.a(lib_a-printf.o)
                0x00004ddc                iprintf
                0x00004ddc                printf
 .text._puts_r  0x00004e10       0xc2 c:/freescale/kds_3.0.0/toolchain/bin/../lib/gcc/arm-none-eabi/4.8.4/../../../../arm-none-eabi/lib/armv6-m\libg_s.a(lib_a-puts.o)
                0x00004e10                _puts_r
 *fill*         0x00004ed2        0x2 
 .text.puts     0x00004ed4       0x14 c:/freescale/kds_3.0.0/toolchain/bin/../lib/gcc/arm-none-eabi/4.8.4/../../../../arm-none-eabi/lib/armv6-m\libg_s.a(lib_a-puts.o)
                0x00004ed4                puts
 .text._sbrk_r  0x00004ee8       0x24 c:/freescale/kds_3.0.0/toolchain/bin/../lib/gcc/arm-none-eabi/4.8.4/../../../../arm-none-eabi/lib/armv6-m\libg_s.a(lib_a-sbrkr.o)
                0x00004ee8                _sbrk_r
 .text.strlen   0x00004f0c        0xe c:/freescale/kds_3.0.0/toolchain/bin/../lib/gcc/arm-none-eabi/4.8.4/../../../../arm-none-eabi/lib/armv6-m\libg_s.a(lib_a-strlen.o)
                0x00004f0c                strlen
 .text.__sfputc_r
                0x00004f1a       0x2a c:/freescale/kds_3.0.0/toolchain/bin/../lib/gcc/arm-none-eabi/4.8.4/../../../../arm-none-eabi/lib/armv6-m\libg_s.a(lib_a-vfprintf.o)
 .text.__sfputs_r
                0x00004f44       0x24 c:/freescale/kds_3.0.0/toolchain/bin/../lib/gcc/arm-none-eabi/4.8.4/../../../../arm-none-eabi/lib/armv6-m\libg_s.a(lib_a-vfprintf.o)
                0x00004f44                __sfputs_r
 .text._vfprintf_r
                0x00004f68      0x210 c:/freescale/kds_3.0.0/toolchain/bin/../lib/gcc/arm-none-eabi/4.8.4/../../../../arm-none-eabi/lib/armv6-m\libg_s.a(lib_a-vfprintf.o)
                0x00004f68                _vfprintf_r
                0x00004f68                _vfiprintf_r
 .text._printf_common
                0x00005178       0xe8 c:/freescale/kds_3.0.0/toolchain/bin/../lib/gcc/arm-none-eabi/4.8.4/../../../../arm-none-eabi/lib/armv6-m\libg_s.a(lib_a-vfprintf_i.o)
                0x00005178                _printf_common
 .text._printf_i
                0x00005260      0x22c c:/freescale/kds_3.0.0/toolchain/bin/../lib/gcc/arm-none-eabi/4.8.4/../../../../arm-none-eabi/lib/armv6-m\libg_s.a(lib_a-vfprintf_i.o)
                0x00005260                _printf_i
 .text.__swbuf_r
                0x0000548c       0xb0 c:/freescale/kds_3.0.0/toolchain/bin/../lib/gcc/arm-none-eabi/4.8.4/../../../../arm-none-eabi/lib/armv6-m\libg_s.a(lib_a-wbuf.o)
                0x0000548c                __swbuf_r
 .text.__swsetup_r
                0x0000553c       0xe4 c:/freescale/kds_3.0.0/toolchain/bin/../lib/gcc/arm-none-eabi/4.8.4/../../../../arm-none-eabi/lib/armv6-m\libg_s.a(lib_a-wsetup.o)
                0x0000553c                __swsetup_r
 .text.abort    0x00005620        0xe c:/freescale/kds_3.0.0/toolchain/bin/../lib/gcc/arm-none-eabi/4.8.4/../../../../arm-none-eabi/lib/armv6-m\libg_s.a(lib_a-abort.o)
                0x00005620                abort
 .text.__sflush_r
                0x0000562e      0x112 c:/freescale/kds_3.0.0/toolchain/bin/../lib/gcc/arm-none-eabi/4.8.4/../../../../arm-none-eabi/lib/armv6-m\libg_s.a(lib_a-fflush.o)
                0x0000562e                __sflush_r
 .text._fflush_r
                0x00005740       0x58 c:/freescale/kds_3.0.0/toolchain/bin/../lib/gcc/arm-none-eabi/4.8.4/../../../../arm-none-eabi/lib/armv6-m\libg_s.a(lib_a-fflush.o)
                0x00005740                _fflush_r
 .text._cleanup_r
                0x00005798       0x34 c:/freescale/kds_3.0.0/toolchain/bin/../lib/gcc/arm-none-eabi/4.8.4/../../../../arm-none-eabi/lib/armv6-m\libg_s.a(lib_a-findfp.o)
                0x00005798                _cleanup_r
 .text.std.isra.0
                0x000057cc       0x48 c:/freescale/kds_3.0.0/toolchain/bin/../lib/gcc/arm-none-eabi/4.8.4/../../../../arm-none-eabi/lib/armv6-m\libg_s.a(lib_a-findfp.o)
 .text.__sfmoreglue
                0x00005814       0x2c c:/freescale/kds_3.0.0/toolchain/bin/../lib/gcc/arm-none-eabi/4.8.4/../../../../arm-none-eabi/lib/armv6-m\libg_s.a(lib_a-findfp.o)
                0x00005814                __sfmoreglue
 .text.__sinit  0x00005840       0x64 c:/freescale/kds_3.0.0/toolchain/bin/../lib/gcc/arm-none-eabi/4.8.4/../../../../arm-none-eabi/lib/armv6-m\libg_s.a(lib_a-findfp.o)
                0x00005840                __sinit
 .text.__sfp    0x000058a4       0x7c c:/freescale/kds_3.0.0/toolchain/bin/../lib/gcc/arm-none-eabi/4.8.4/../../../../arm-none-eabi/lib/armv6-m\libg_s.a(lib_a-findfp.o)
                0x000058a4                __sfp
 .text.__smakebuf_r
                0x00005920       0xa0 c:/freescale/kds_3.0.0/toolchain/bin/../lib/gcc/arm-none-eabi/4.8.4/../../../../arm-none-eabi/lib/armv6-m\libg_s.a(lib_a-makebuf.o)
                0x00005920                __smakebuf_r
 .text.memchr   0x000059c0       0x16 c:/freescale/kds_3.0.0/toolchain/bin/../lib/gcc/arm-none-eabi/4.8.4/../../../../arm-none-eabi/lib/armv6-m\libg_s.a(lib_a-memchr-stub.o)
                0x000059c0                memchr
 .text._raise_r
                0x000059d6       0x56 c:/freescale/kds_3.0.0/toolchain/bin/../lib/gcc/arm-none-eabi/4.8.4/../../../../arm-none-eabi/lib/armv6-m\libg_s.a(lib_a-signal.o)
                0x000059d6                _raise_r
 .text.raise    0x00005a2c       0x14 c:/freescale/kds_3.0.0/toolchain/bin/../lib/gcc/arm-none-eabi/4.8.4/../../../../arm-none-eabi/lib/armv6-m\libg_s.a(lib_a-signal.o)
                0x00005a2c                raise
 .text._kill_r  0x00005a40       0x24 c:/freescale/kds_3.0.0/toolchain/bin/../lib/gcc/arm-none-eabi/4.8.4/../../../../arm-none-eabi/lib/armv6-m\libg_s.a(lib_a-signalr.o)
                0x00005a40                _kill_r
 .text._getpid_r
                0x00005a64        0x8 c:/freescale/kds_3.0.0/toolchain/bin/../lib/gcc/arm-none-eabi/4.8.4/../../../../arm-none-eabi/lib/armv6-m\libg_s.a(lib_a-signalr.o)
                0x00005a64                _getpid_r
 .text.__sread  0x00005a6c       0x28 c:/freescale/kds_3.0.0/toolchain/bin/../lib/gcc/arm-none-eabi/4.8.4/../../../../arm-none-eabi/lib/armv6-m\libg_s.a(lib_a-stdio.o)
                0x00005a6c                __sread
 .text.__swrite
                0x00005a94       0x38 c:/freescale/kds_3.0.0/toolchain/bin/../lib/gcc/arm-none-eabi/4.8.4/../../../../arm-none-eabi/lib/armv6-m\libg_s.a(lib_a-stdio.o)
                0x00005a94                __swrite
 .text.__sseek  0x00005acc       0x2c c:/freescale/kds_3.0.0/toolchain/bin/../lib/gcc/arm-none-eabi/4.8.4/../../../../arm-none-eabi/lib/armv6-m\libg_s.a(lib_a-stdio.o)
                0x00005acc                __sseek
 .text.__sclose
                0x00005af8        0xc c:/freescale/kds_3.0.0/toolchain/bin/../lib/gcc/arm-none-eabi/4.8.4/../../../../arm-none-eabi/lib/armv6-m\libg_s.a(lib_a-stdio.o)
                0x00005af8                __sclose
 .text._write_r
                0x00005b04       0x28 c:/freescale/kds_3.0.0/toolchain/bin/../lib/gcc/arm-none-eabi/4.8.4/../../../../arm-none-eabi/lib/armv6-m\libg_s.a(lib_a-writer.o)
                0x00005b04                _write_r
 .text._close_r
                0x00005b2c       0x24 c:/freescale/kds_3.0.0/toolchain/bin/../lib/gcc/arm-none-eabi/4.8.4/../../../../arm-none-eabi/lib/armv6-m\libg_s.a(lib_a-closer.o)
                0x00005b2c                _close_r
 .text._fstat_r
                0x00005b50       0x24 c:/freescale/kds_3.0.0/toolchain/bin/../lib/gcc/arm-none-eabi/4.8.4/../../../../arm-none-eabi/lib/armv6-m\libg_s.a(lib_a-fstatr.o)
                0x00005b50                _fstat_r
 .text._isatty_r
                0x00005b74       0x24 c:/freescale/kds_3.0.0/toolchain/bin/../lib/gcc/arm-none-eabi/4.8.4/../../../../arm-none-eabi/lib/armv6-m\libg_s.a(lib_a-isattyr.o)
                0x00005b74                _isatty_r
 .text._lseek_r
                0x00005b98       0x28 c:/freescale/kds_3.0.0/toolchain/bin/../lib/gcc/arm-none-eabi/4.8.4/../../../../arm-none-eabi/lib/armv6-m\libg_s.a(lib_a-lseekr.o)
                0x00005b98                _lseek_r
 .text._read_r  0x00005bc0       0x28 c:/freescale/kds_3.0.0/toolchain/bin/../lib/gcc/arm-none-eabi/4.8.4/../../../../arm-none-eabi/lib/armv6-m\libg_s.a(lib_a-readr.o)
                0x00005bc0                _read_r
 .text._close   0x00005be8       0x10 c:/freescale/kds_3.0.0/toolchain/bin/../lib/gcc/arm-none-eabi/4.8.4/../../../../arm-none-eabi/lib/armv6-m\libnosys.a(close.o)
                0x00005be8                _close
 .text._fstat   0x00005bf8       0x10 c:/freescale/kds_3.0.0/toolchain/bin/../lib/gcc/arm-none-eabi/4.8.4/../../../../arm-none-eabi/lib/armv6-m\libnosys.a(fstat.o)
                0x00005bf8                _fstat
 .text._getpid  0x00005c08       0x10 c:/freescale/kds_3.0.0/toolchain/bin/../lib/gcc/arm-none-eabi/4.8.4/../../../../arm-none-eabi/lib/armv6-m\libnosys.a(getpid.o)
                0x00005c08                _getpid
 .text._isatty  0x00005c18       0x10 c:/freescale/kds_3.0.0/toolchain/bin/../lib/gcc/arm-none-eabi/4.8.4/../../../../arm-none-eabi/lib/armv6-m\libnosys.a(isatty.o)
                0x00005c18                _isatty
 .text._kill    0x00005c28       0x10 c:/freescale/kds_3.0.0/toolchain/bin/../lib/gcc/arm-none-eabi/4.8.4/../../../../arm-none-eabi/lib/armv6-m\libnosys.a(kill.o)
                0x00005c28                _kill
 .text._lseek   0x00005c38       0x10 c:/freescale/kds_3.0.0/toolchain/bin/../lib/gcc/arm-none-eabi/4.8.4/../../../../arm-none-eabi/lib/armv6-m\libnosys.a(lseek.o)
                0x00005c38                _lseek
 .text._sbrk    0x00005c48       0x34 c:/freescale/kds_3.0.0/toolchain/bin/../lib/gcc/arm-none-eabi/4.8.4/../../../../arm-none-eabi/lib/armv6-m\libnosys.a(sbrk.o)
                0x00005c48                _sbrk
 .text._exit    0x00005c7c        0x4 c:/freescale/kds_3.0.0/toolchain/bin/../lib/gcc/arm-none-eabi/4.8.4/../../../../arm-none-eabi/lib/armv6-m\libnosys.a(_exit.o)
                0x00005c7c                _exit
 *(.rodata)
 .rodata        0x00005c80       0x6c ./Sources/main.o
 .rodata        0x00005cec        0xc ./SDK/platform/utilities/src/fsl_debug_console.o
 .rodata        0x00005cf8       0x98 ./SDK/platform/system/src/interrupt/fsl_interrupt_manager.o
 .rodata        0x00005d90      0x21c ./SDK/platform/system/src/clock/MKL26Z4/fsl_clock_MKL26Z4.o
 .rodata        0x00005fac       0x38 ./SDK/platform/hal/src/gpio/fsl_gpio_hal.o
 .rodata        0x00005fe4       0x68 ./SDK/platform/hal/src/adc16/fsl_adc16_hal.o
 .rodata        0x0000604c      0x13c ./SDK/platform/drivers/src/lptmr/fsl_lptmr_driver.o
 .rodata        0x00006188      0x168 ./SDK/platform/drivers/src/gpio/fsl_gpio_driver.o
 .rodata        0x000062f0      0x18c ./SDK/platform/drivers/src/adc16/fsl_adc16_driver.o
 .rodata        0x0000647c       0x2c ./Generated_Code/osa1.o
 .rodata        0x000064a8       0x64 ./Generated_Code/pin_init.o
 *(.rodata*)
 .rodata._doprint
                0x0000650c       0xc8 ./SDK/platform/utilities/src/print_scan.o
 .rodata.__func__.5093
                0x000065d4       0x18 ./SDK/platform/system/src/interrupt/fsl_interrupt_manager.o
 .rodata.portGateTable
                0x000065ec        0x8 ./SDK/platform/system/src/clock/MKL26Z4/fsl_clock_MKL26Z4.o
 .rodata.uartGateTable
                0x000065f4        0x4 ./SDK/platform/system/src/clock/MKL26Z4/fsl_clock_MKL26Z4.o
 .rodata.__func__.6467
                0x000065f8       0x1c ./SDK/platform/system/src/clock/MKL26Z4/fsl_clock_MKL26Z4.o
 .rodata.__func__.6480
                0x00006614       0x1c ./SDK/platform/system/src/clock/MKL26Z4/fsl_clock_MKL26Z4.o
 .rodata.__func__.6540
                0x00006630       0x1c ./SDK/platform/system/src/clock/MKL26Z4/fsl_clock_MKL26Z4.o
 .rodata.__func__.6545
                0x0000664c       0x1c ./SDK/platform/system/src/clock/MKL26Z4/fsl_clock_MKL26Z4.o
 .rodata.g_oscBase
                0x00006668        0x4 ./SDK/platform/system/src/clock/fsl_clock_manager_common.o
                0x00006668                g_oscBase
 .rodata.fllFactorTable.5329
                0x0000666c       0x10 ./SDK/platform/hal/src/mcg/fsl_mcg_hal.o
 .rodata.__func__.5200
                0x0000667c       0x14 ./SDK/platform/hal/src/gpio/fsl_gpio_hal.o
 .rodata.__func__.5206
                0x00006690       0x18 ./SDK/platform/hal/src/gpio/fsl_gpio_hal.o
 .rodata.__func__.5262
                0x000066a8       0x14 ./SDK/platform/hal/src/adc16/fsl_adc16_hal.o
 .rodata.g_lptmrBase
                0x000066bc        0x4 ./SDK/platform/drivers/src/lptmr/fsl_lptmr_common.o
                0x000066bc                g_lptmrBase
 .rodata.g_lptmrIrqId
                0x000066c0        0x4 ./SDK/platform/drivers/src/lptmr/fsl_lptmr_common.o
                0x000066c0                g_lptmrIrqId
 .rodata.__func__.6568
                0x000066c4       0x10 ./SDK/platform/drivers/src/lptmr/fsl_lptmr_driver.o
 .rodata.__func__.5735
                0x000066d4       0x14 ./SDK/platform/drivers/src/lptmr/fsl_lptmr_driver.o
 .rodata.__func__.5739
                0x000066e8       0x14 ./SDK/platform/drivers/src/lptmr/fsl_lptmr_driver.o
 .rodata.__func__.6580
                0x000066fc       0x10 ./SDK/platform/drivers/src/lptmr/fsl_lptmr_driver.o
 .rodata.__func__.6591
                0x0000670c       0x1c ./SDK/platform/drivers/src/lptmr/fsl_lptmr_driver.o
 .rodata.__func__.6616
                0x00006728       0x1c ./SDK/platform/drivers/src/lptmr/fsl_lptmr_driver.o
 .rodata.__func__.6620
                0x00006744       0x18 ./SDK/platform/drivers/src/lptmr/fsl_lptmr_driver.o
 .rodata.g_gpioBase
                0x0000675c       0x14 ./SDK/platform/drivers/src/gpio/fsl_gpio_common.o
                0x0000675c                g_gpioBase
 .rodata.g_portBase
                0x00006770       0x14 ./SDK/platform/drivers/src/gpio/fsl_gpio_common.o
                0x00006770                g_portBase
 .rodata.g_portIrqId
                0x00006784        0x8 ./SDK/platform/drivers/src/gpio/fsl_gpio_common.o
                0x00006784                g_portIrqId
 .rodata.__func__.5125
                0x0000678c       0x14 ./SDK/platform/drivers/src/gpio/fsl_gpio_driver.o
 .rodata.__func__.5101
                0x000067a0       0x14 ./SDK/platform/drivers/src/gpio/fsl_gpio_driver.o
 .rodata.__func__.5095
                0x000067b4       0x18 ./SDK/platform/drivers/src/gpio/fsl_gpio_driver.o
 .rodata.__func__.5113
                0x000067cc       0x20 ./SDK/platform/drivers/src/gpio/fsl_gpio_driver.o
 .rodata.__func__.5139
                0x000067ec       0x18 ./SDK/platform/drivers/src/gpio/fsl_gpio_driver.o
 .rodata.__func__.6626
                0x00006804       0x14 ./SDK/platform/drivers/src/gpio/fsl_gpio_driver.o
 .rodata.__func__.5107
                0x00006818       0x1c ./SDK/platform/drivers/src/gpio/fsl_gpio_driver.o
 .rodata.__func__.5119
                0x00006834       0x20 ./SDK/platform/drivers/src/gpio/fsl_gpio_driver.o
 .rodata.__func__.5213
                0x00006854       0x1c ./SDK/platform/drivers/src/gpio/fsl_gpio_driver.o
 .rodata.g_adcBase
                0x00006870        0x4 ./SDK/platform/drivers/src/adc16/fsl_adc16_common.o
                0x00006870                g_adcBase
 .rodata.g_adcIrqId
                0x00006874        0x4 ./SDK/platform/drivers/src/adc16/fsl_adc16_common.o
                0x00006874                g_adcIrqId
 .rodata.__func__.6595
                0x00006878       0x24 ./SDK/platform/drivers/src/adc16/fsl_adc16_driver.o
 .rodata.__func__.5204
                0x0000689c       0x24 ./SDK/platform/drivers/src/adc16/fsl_adc16_driver.o
 .rodata.__func__.5218
                0x000068c0       0x1c ./SDK/platform/drivers/src/adc16/fsl_adc16_driver.o
 .rodata.__func__.6605
                0x000068dc       0x20 ./SDK/platform/drivers/src/adc16/fsl_adc16_driver.o
 .rodata.__func__.6614
                0x000068fc       0x10 ./SDK/platform/drivers/src/adc16/fsl_adc16_driver.o
 .rodata.__func__.6582
                0x0000690c       0x14 ./SDK/platform/drivers/src/adc16/fsl_adc16_driver.o
 .rodata.__func__.6631
                0x00006920       0x1c ./SDK/platform/drivers/src/adc16/fsl_adc16_driver.o
 .rodata.__func__.6644
                0x0000693c       0x18 ./SDK/platform/drivers/src/adc16/fsl_adc16_driver.o
 .rodata.__func__.6650
                0x00006954       0x18 ./SDK/platform/drivers/src/adc16/fsl_adc16_driver.o
 .rodata.__func__.6659
                0x0000696c       0x14 ./SDK/platform/drivers/src/adc16/fsl_adc16_driver.o
 .rodata.__func__.6665
                0x00006980       0x1c ./SDK/platform/drivers/src/adc16/fsl_adc16_driver.o
 .rodata.adConv1_InitConfig0
                0x0000699c        0xc ./Generated_Code/adConv1.o
                0x0000699c                adConv1_InitConfig0
 .rodata.adConv1_ChnConfig0
                0x000069a8        0x4 ./Generated_Code/adConv1.o
                0x000069a8                adConv1_ChnConfig0
 .rodata.gpio1_InpConfig0
                0x000069ac       0x10 ./Generated_Code/gpio1.o
                0x000069ac                gpio1_InpConfig0
 .rodata.gpio1_OutConfig0
                0x000069bc       0x18 ./Generated_Code/gpio1.o
                0x000069bc                gpio1_OutConfig0
 .rodata.lpTmr1_lptmrCfg0
                0x000069d4        0x8 ./Generated_Code/lpTmr1.o
                0x000069d4                lpTmr1_lptmrCfg0
 .rodata.__func__.8014
                0x000069dc       0x10 ./Generated_Code/osa1.o
 .rodata.__func__.5125
                0x000069ec       0x14 ./Generated_Code/pin_init.o
 .rodata.__func__.5107
                0x00006a00       0x1c ./Generated_Code/pin_init.o
 .rodata.str1.1
                0x00006a1c       0x3c c:/freescale/kds_3.0.0/toolchain/bin/../lib/gcc/arm-none-eabi/4.8.4/../../../../arm-none-eabi/lib/armv6-m\libg_s.a(lib_a-assert.o)
                                 0x3d (size before relaxing)
 .rodata.str1.1
                0x00006a58        0x2 c:/freescale/kds_3.0.0/toolchain/bin/../lib/gcc/arm-none-eabi/4.8.4/../../../../arm-none-eabi/lib/armv6-m\libg_s.a(lib_a-impure.o)
 *fill*         0x00006a5a        0x2 
 .rodata._global_impure_ptr
                0x00006a5c        0x4 c:/freescale/kds_3.0.0/toolchain/bin/../lib/gcc/arm-none-eabi/4.8.4/../../../../arm-none-eabi/lib/armv6-m\libg_s.a(lib_a-impure.o)
                0x00006a5c                _global_impure_ptr
 .rodata.str1.1
                0x00006a60       0x11 c:/freescale/kds_3.0.0/toolchain/bin/../lib/gcc/arm-none-eabi/4.8.4/../../../../arm-none-eabi/lib/armv6-m\libg_s.a(lib_a-vfprintf.o)
 .rodata.str1.1
                0x00006a71       0x22 c:/freescale/kds_3.0.0/toolchain/bin/../lib/gcc/arm-none-eabi/4.8.4/../../../../arm-none-eabi/lib/armv6-m\libg_s.a(lib_a-vfprintf_i.o)
 *fill*         0x00006a93        0x1 
 .rodata.__sf_fake_stdin
                0x00006a94       0x20 c:/freescale/kds_3.0.0/toolchain/bin/../lib/gcc/arm-none-eabi/4.8.4/../../../../arm-none-eabi/lib/armv6-m\libg_s.a(lib_a-findfp.o)
                0x00006a94                __sf_fake_stdin
 .rodata.__sf_fake_stdout
                0x00006ab4       0x20 c:/freescale/kds_3.0.0/toolchain/bin/../lib/gcc/arm-none-eabi/4.8.4/../../../../arm-none-eabi/lib/armv6-m\libg_s.a(lib_a-findfp.o)
                0x00006ab4                __sf_fake_stdout
 .rodata.__sf_fake_stderr
                0x00006ad4       0x20 c:/freescale/kds_3.0.0/toolchain/bin/../lib/gcc/arm-none-eabi/4.8.4/../../../../arm-none-eabi/lib/armv6-m\libg_s.a(lib_a-findfp.o)
                0x00006ad4                __sf_fake_stderr
 *(.glue_7)
 .glue_7        0x00000000        0x0 linker stubs
 *(.glue_7t)
 .glue_7t       0x00000000        0x0 linker stubs
 *(.eh_frame)
 .eh_frame      0x00006af4        0x0 c:/freescale/kds_3.0.0/toolchain/bin/../lib/gcc/arm-none-eabi/4.8.4/armv6-m/crtbegin.o
 *(.init)
 .init          0x00006af4        0x4 c:/freescale/kds_3.0.0/toolchain/bin/../lib/gcc/arm-none-eabi/4.8.4/armv6-m/crti.o
                0x00006af4                _init
 .init          0x00006af8        0x8 c:/freescale/kds_3.0.0/toolchain/bin/../lib/gcc/arm-none-eabi/4.8.4/armv6-m/crtn.o
 *(.fini)
 .fini          0x00006b00        0x4 c:/freescale/kds_3.0.0/toolchain/bin/../lib/gcc/arm-none-eabi/4.8.4/armv6-m/crti.o
                0x00006b00                _fini
 .fini          0x00006b04        0x8 c:/freescale/kds_3.0.0/toolchain/bin/../lib/gcc/arm-none-eabi/4.8.4/armv6-m/crtn.o
                0x00006b0c                . = ALIGN (0x4)

.vfp11_veneer   0x00006b0c        0x0
 .vfp11_veneer  0x00000000        0x0 linker stubs

.v4_bx          0x00006b0c        0x0
 .v4_bx         0x00000000        0x0 linker stubs

.iplt           0x00006b0c        0x0
 .iplt          0x00000000        0x0 c:/freescale/kds_3.0.0/toolchain/bin/../lib/gcc/arm-none-eabi/4.8.4/armv6-m/crtbegin.o

.ARM.extab
 *(.ARM.extab* .gnu.linkonce.armextab.*)

.ARM            0x00006b0c        0x8
                0x00006b0c                __exidx_start = .
 *(.ARM.exidx*)
 .ARM.exidx     0x00006b0c        0x8 c:/freescale/kds_3.0.0/toolchain/bin/../lib/gcc/arm-none-eabi/4.8.4/../../../../arm-none-eabi/lib/armv6-m/crt0.o
 .ARM.exidx     0x00006b14        0x0 c:/freescale/kds_3.0.0/toolchain/bin/../lib/gcc/arm-none-eabi/4.8.4/armv6-m\libgcc.a(_divdi3.o)
                                  0x8 (size before relaxing)
 .ARM.exidx     0x00006b14        0x0 c:/freescale/kds_3.0.0/toolchain/bin/../lib/gcc/arm-none-eabi/4.8.4/armv6-m\libgcc.a(_udivdi3.o)
                                  0x8 (size before relaxing)
                0x00006b14                __exidx_end = .

.rel.dyn        0x00006b14        0x0
 .rel.iplt      0x00000000        0x0 c:/freescale/kds_3.0.0/toolchain/bin/../lib/gcc/arm-none-eabi/4.8.4/armv6-m/crtbegin.o

.ctors          0x00006b14        0x0
                0x00006b14                __CTOR_LIST__ = .
 *crtbegin.o(.ctors)
 *crtbegin?.o(.ctors)
 *(EXCLUDE_FILE(*crtend.o *crtend?.o) .ctors)
 *(SORT(.ctors.*))
 *(.ctors)
                0x00006b14                __CTOR_END__ = .

.dtors          0x00006b14        0x0
                0x00006b14                __DTOR_LIST__ = .
 *crtbegin.o(.dtors)
 *crtbegin?.o(.dtors)
 *(EXCLUDE_FILE(*crtend.o *crtend?.o) .dtors)
 *(SORT(.dtors.*))
 *(.dtors)
                0x00006b14                __DTOR_END__ = .

.preinit_array  0x00006b14        0x0
                0x00006b14                PROVIDE (__preinit_array_start, .)
 *(.preinit_array*)
                0x00006b14                PROVIDE (__preinit_array_end, .)

.init_array     0x00006b14        0x4
                0x00006b14                PROVIDE (__init_array_start, .)
 *(SORT(.init_array.*))
 *(.init_array*)
 .init_array    0x00006b14        0x4 c:/freescale/kds_3.0.0/toolchain/bin/../lib/gcc/arm-none-eabi/4.8.4/armv6-m/crtbegin.o
                0x00006b18                PROVIDE (__init_array_end, .)

.fini_array     0x00006b18        0x4
                0x00006b18                PROVIDE (__fini_array_start, .)
 *(SORT(.fini_array.*))
 *(.fini_array*)
 .fini_array    0x00006b18        0x4 c:/freescale/kds_3.0.0/toolchain/bin/../lib/gcc/arm-none-eabi/4.8.4/armv6-m/crtbegin.o
                0x00006b1c                PROVIDE (__fini_array_end, .)
                0x00006b1c                __etext = .
                0x00006b1c                __DATA_ROM = .

.mtb            0x1ffff200        0x0
                0x1ffff200                . = ALIGN (0x8)
                0x1ffff200                _mtb_start = .
 *(.mtb_buf)
                0x1ffff200                . = ALIGN (0x8)
                0x1ffff200                _mtb_end = .

.data           0x1ffff200       0x70 load address 0x00006b1c
                0x1ffff200                . = ALIGN (0x4)
                0x1ffff200                __DATA_RAM = .
                0x1ffff200                __data_start__ = .
 *(.data)
 *(.data*)
 .data.g_fastInternalRefClkFreq
                0x1ffff200        0x4 ./SDK/platform/hal/src/mcg/fsl_mcg_hal.o
                0x1ffff200                g_fastInternalRefClkFreq
 .data.g_slowInternalRefClkFreq
                0x1ffff204        0x4 ./SDK/platform/hal/src/mcg/fsl_mcg_hal.o
                0x1ffff204                g_slowInternalRefClkFreq
 .data.impure_data
                0x1ffff208       0x60 c:/freescale/kds_3.0.0/toolchain/bin/../lib/gcc/arm-none-eabi/4.8.4/../../../../arm-none-eabi/lib/armv6-m\libg_s.a(lib_a-impure.o)
 .data._impure_ptr
                0x1ffff268        0x4 c:/freescale/kds_3.0.0/toolchain/bin/../lib/gcc/arm-none-eabi/4.8.4/../../../../arm-none-eabi/lib/armv6-m\libg_s.a(lib_a-impure.o)
                0x1ffff268                _impure_ptr
 *(.jcr*)
 .jcr           0x1ffff26c        0x0 c:/freescale/kds_3.0.0/toolchain/bin/../lib/gcc/arm-none-eabi/4.8.4/armv6-m/crtbegin.o
 .jcr           0x1ffff26c        0x4 c:/freescale/kds_3.0.0/toolchain/bin/../lib/gcc/arm-none-eabi/4.8.4/armv6-m/crtend.o
                0x1ffff270                . = ALIGN (0x4)
                0x1ffff270                __data_end__ = .
                0x00006b8c                __DATA_END = (__DATA_ROM + (__data_end__ - __data_start__))
                0x00006b8c                __m_interrupts_ram_ROMStart = (__DATA_ROM + SIZEOF (.data))

.igot.plt       0x1ffff270        0x0 load address 0x00006b8c
 .igot.plt      0x00000000        0x0 c:/freescale/kds_3.0.0/toolchain/bin/../lib/gcc/arm-none-eabi/4.8.4/armv6-m/crtbegin.o

.m_interrupts_ram
                0x1ffff000      0x200 load address 0x00006b8c
                0x1ffff000                . = ALIGN (0x4)
                0x1ffff000                __m_interrupts_ram_RAMStart = .
 *(.m_interrupts_ram)
                0x1ffff200                . = (. + 0x200)
 *fill*         0x1ffff000      0x200 
                0x1ffff200                __m_interrupts_ram_RAMEnd = .
                0x1ffff200                . = ALIGN (0x4)
                0x00000200                __m_interrupts_ram_ROMSize = (__m_interrupts_ram_RAMEnd - __m_interrupts_ram_RAMStart)
                0x00000200                __RAM_VECTOR_TABLE_SIZE_BYTES = (__m_interrupts_ram_RAMEnd - __m_interrupts_ram_RAMStart)

.bss            0x1ffff270       0xd4 load address 0x00006b8c
                0x1ffff270                . = ALIGN (0x4)
                0x1ffff270                __START_BSS = .
                0x1ffff270                __bss_start__ = .
 *(.bss)
 .bss           0x1ffff270       0x1c c:/freescale/kds_3.0.0/toolchain/bin/../lib/gcc/arm-none-eabi/4.8.4/armv6-m/crtbegin.o
 *(.bss*)
 .bss.lptmrCounter
                0x1ffff28c        0x4 ./Sources/main.o
                0x1ffff28c                lptmrCounter
 .bss.adcValue  0x1ffff290        0x4 ./Sources/main.o
                0x1ffff290                adcValue
 .bss.adcrTemp25
                0x1ffff294        0x4 ./Sources/main.o
                0x1ffff294                adcrTemp25
 .bss.adcr100m  0x1ffff298        0x4 ./Sources/main.o
                0x1ffff298                adcr100m
 .bss.s_debugConsole
                0x1ffff29c       0x10 ./SDK/platform/utilities/src/fsl_debug_console.o
 .bss.g_taskControlBlockPool
                0x1ffff2ac       0x50 ./SDK/platform/osa/src/fsl_os_abstraction_bm.o
 .bss.g_freeTaskControlBlock
                0x1ffff2fc        0x4 ./SDK/platform/osa/src/fsl_os_abstraction_bm.o
 .bss.g_taskListHead
                0x1ffff300       0x10 ./SDK/platform/osa/src/fsl_os_abstraction_bm.o
 .bss.lptmr_state_ptrs
                0x1ffff310        0x4 ./SDK/platform/drivers/src/lptmr/fsl_lptmr_driver.o
 .bss.SwTimerIsrCounter
                0x1ffff314        0x2 ./Generated_Code/osa1.o
 *fill*         0x1ffff316        0x2 
 .bss.__malloc_sbrk_start
                0x1ffff318        0x4 c:/freescale/kds_3.0.0/toolchain/bin/../lib/gcc/arm-none-eabi/4.8.4/../../../../arm-none-eabi/lib/armv6-m\libg_s.a(lib_a-nano-mallocr.o)
                0x1ffff318                __malloc_sbrk_start
 .bss.__malloc_free_list
                0x1ffff31c        0x4 c:/freescale/kds_3.0.0/toolchain/bin/../lib/gcc/arm-none-eabi/4.8.4/../../../../arm-none-eabi/lib/armv6-m\libg_s.a(lib_a-nano-mallocr.o)
                0x1ffff31c                __malloc_free_list
 .bss.heap_end.4246
                0x1ffff320        0x4 c:/freescale/kds_3.0.0/toolchain/bin/../lib/gcc/arm-none-eabi/4.8.4/../../../../arm-none-eabi/lib/armv6-m\libnosys.a(sbrk.o)
 *(COMMON)
 COMMON         0x1ffff324        0xa ./Sources/main.o
                0x1ffff324                hw_average_config
                0x1ffff328                calibration_param
 *fill*         0x1ffff32e        0x2 
 COMMON         0x1ffff330        0x8 ./SDK/platform/hal/src/mcg/fsl_mcg_hal.o
                0x1ffff330                g_xtal0ClkFreq
                0x1ffff334                g_xtalRtcClkFreq
 COMMON         0x1ffff338        0x8 ./Generated_Code/lpTmr1.o
                0x1ffff338                lpTmr1_State
 COMMON         0x1ffff340        0x4 c:/freescale/kds_3.0.0/toolchain/bin/../lib/gcc/arm-none-eabi/4.8.4/../../../../arm-none-eabi/lib/armv6-m\libg_s.a(lib_a-reent.o)
                0x1ffff340                errno
                0x1ffff344                . = ALIGN (0x4)
                0x1ffff344                __bss_end__ = .
                0x1ffff344                __END_BSS = .

.heap           0x1ffff344        0x4 load address 0x00006c60
                0x1ffff348                . = ALIGN (0x8)
 *fill*         0x1ffff344        0x4 
                0x1ffff348                __end__ = .
                0x1ffff348                PROVIDE (end, .)
                0x1ffff348                __HeapBase = .
                0x1ffff348                . = (. + HEAP_SIZE)
                0x1ffff348                __HeapLimit = .

.stack          0x1ffff348      0x400 load address 0x00006c64
                0x1ffff348                . = ALIGN (0x8)
                0x1ffff748                . = (. + STACK_SIZE)
 *fill*         0x1ffff348      0x400 
                0x20003000                __StackTop = (ORIGIN (m_data) + 0x3e00)
                0x20002c00                __StackLimit = (__StackTop - STACK_SIZE)
                0x20003000                PROVIDE (__stack, __StackTop)

.ARM.attributes
                0x00000000       0x28
 *(.ARM.attributes)
 .ARM.attributes
                0x00000000       0x1e c:/freescale/kds_3.0.0/toolchain/bin/../lib/gcc/arm-none-eabi/4.8.4/armv6-m/crti.o
 .ARM.attributes
                0x0000001e       0x2c c:/freescale/kds_3.0.0/toolchain/bin/../lib/gcc/arm-none-eabi/4.8.4/armv6-m/crtbegin.o
 .ARM.attributes
                0x0000004a       0x1b c:/freescale/kds_3.0.0/toolchain/bin/../lib/gcc/arm-none-eabi/4.8.4/../../../../arm-none-eabi/lib/armv6-m/crt0.o
 .ARM.attributes
                0x00000065       0x32 ./Static_Code/System/PE_low_level_init.o
 .ARM.attributes
                0x00000097       0x32 ./Sources/Events.o
 .ARM.attributes
                0x000000c9       0x32 ./Sources/main.o
 .ARM.attributes
                0x000000fb       0x32 ./SDK/platform/utilities/src/fsl_debug_console.o
 .ARM.attributes
                0x0000012d       0x32 ./SDK/platform/utilities/src/print_scan.o
 .ARM.attributes
                0x0000015f       0x32 ./SDK/platform/system/src/interrupt/fsl_interrupt_manager.o
 .ARM.attributes
                0x00000191       0x32 ./SDK/platform/system/src/clock/MKL26Z4/fsl_clock_MKL26Z4.o
 .ARM.attributes
                0x000001c3       0x32 ./SDK/platform/system/src/clock/fsl_clock_manager.o
 .ARM.attributes
                0x000001f5       0x32 ./SDK/platform/system/src/clock/fsl_clock_manager_common.o
 .ARM.attributes
                0x00000227       0x32 ./SDK/platform/osa/src/fsl_os_abstraction_bm.o
 .ARM.attributes
                0x00000259       0x32 ./SDK/platform/hal/src/uart/fsl_uart_hal.o
 .ARM.attributes
                0x0000028b       0x32 ./SDK/platform/hal/src/mcg/fsl_mcg_hal.o
 .ARM.attributes
                0x000002bd       0x32 ./SDK/platform/hal/src/lptmr/fsl_lptmr_hal.o
 .ARM.attributes
                0x000002ef       0x32 ./SDK/platform/hal/src/lpsci/fsl_lpsci_hal.o
 .ARM.attributes
                0x00000321       0x32 ./SDK/platform/hal/src/gpio/fsl_gpio_hal.o
 .ARM.attributes
                0x00000353       0x32 ./SDK/platform/hal/src/adc16/fsl_adc16_hal.o
 .ARM.attributes
                0x00000385       0x32 ./SDK/platform/drivers/src/lptmr/fsl_lptmr_common.o
 .ARM.attributes
                0x000003b7       0x32 ./SDK/platform/drivers/src/lptmr/fsl_lptmr_driver.o
 .ARM.attributes
                0x000003e9       0x32 ./SDK/platform/drivers/src/gpio/fsl_gpio_common.o
 .ARM.attributes
                0x0000041b       0x32 ./SDK/platform/drivers/src/gpio/fsl_gpio_driver.o
 .ARM.attributes
                0x0000044d       0x32 ./SDK/platform/drivers/src/adc16/fsl_adc16_common.o
 .ARM.attributes
                0x0000047f       0x32 ./SDK/platform/drivers/src/adc16/fsl_adc16_driver.o
 .ARM.attributes
                0x000004b1       0x1b ./SDK/platform/devices/MKL26Z4/startup/gcc/startup_MKL26Z4.o
 .ARM.attributes
                0x000004cc       0x32 ./SDK/platform/devices/MKL26Z4/startup/system_MKL26Z4.o
 .ARM.attributes
                0x000004fe       0x32 ./SDK/platform/devices/startup.o
 .ARM.attributes
                0x00000530       0x32 ./Generated_Code/Cpu.o
 .ARM.attributes
                0x00000562       0x32 ./Generated_Code/adConv1.o
 .ARM.attributes
                0x00000594       0x32 ./Generated_Code/gpio1.o
 .ARM.attributes
                0x000005c6       0x32 ./Generated_Code/hardware_init.o
 .ARM.attributes
                0x000005f8       0x32 ./Generated_Code/lpTmr1.o
 .ARM.attributes
                0x0000062a       0x32 ./Generated_Code/osa1.o
 .ARM.attributes
                0x0000065c       0x32 ./Generated_Code/pin_init.o
 .ARM.attributes
                0x0000068e       0x1e c:/freescale/kds_3.0.0/toolchain/bin/../lib/gcc/arm-none-eabi/4.8.4/armv6-m\libgcc.a(_udivsi3.o)
 .ARM.attributes
                0x000006ac       0x1e c:/freescale/kds_3.0.0/toolchain/bin/../lib/gcc/arm-none-eabi/4.8.4/armv6-m\libgcc.a(_divsi3.o)
 .ARM.attributes
                0x000006ca       0x1e c:/freescale/kds_3.0.0/toolchain/bin/../lib/gcc/arm-none-eabi/4.8.4/armv6-m\libgcc.a(_dvmd_tls.o)
 .ARM.attributes
                0x000006e8       0x1e c:/freescale/kds_3.0.0/toolchain/bin/../lib/gcc/arm-none-eabi/4.8.4/armv6-m\libgcc.a(_aeabi_uldivmod.o)
 .ARM.attributes
                0x00000706       0x2c c:/freescale/kds_3.0.0/toolchain/bin/../lib/gcc/arm-none-eabi/4.8.4/armv6-m\libgcc.a(_muldi3.o)
 .ARM.attributes
                0x00000732       0x2c c:/freescale/kds_3.0.0/toolchain/bin/../lib/gcc/arm-none-eabi/4.8.4/armv6-m\libgcc.a(bpabi.o)
 .ARM.attributes
                0x0000075e       0x2c c:/freescale/kds_3.0.0/toolchain/bin/../lib/gcc/arm-none-eabi/4.8.4/armv6-m\libgcc.a(_divdi3.o)
 .ARM.attributes
                0x0000078a       0x2c c:/freescale/kds_3.0.0/toolchain/bin/../lib/gcc/arm-none-eabi/4.8.4/armv6-m\libgcc.a(_udivdi3.o)
 .ARM.attributes
                0x000007b6       0x1e c:/freescale/kds_3.0.0/toolchain/bin/../lib/gcc/arm-none-eabi/4.8.4/armv6-m\libgcc.a(_clzsi2.o)
 .ARM.attributes
                0x000007d4       0x2c c:/freescale/kds_3.0.0/toolchain/bin/../lib/gcc/arm-none-eabi/4.8.4/../../../../arm-none-eabi/lib/armv6-m\libg_s.a(lib_a-assert.o)
 .ARM.attributes
                0x00000800       0x2c c:/freescale/kds_3.0.0/toolchain/bin/../lib/gcc/arm-none-eabi/4.8.4/../../../../arm-none-eabi/lib/armv6-m\libg_s.a(lib_a-exit.o)
 .ARM.attributes
                0x0000082c       0x2c c:/freescale/kds_3.0.0/toolchain/bin/../lib/gcc/arm-none-eabi/4.8.4/../../../../arm-none-eabi/lib/armv6-m\libg_s.a(lib_a-fprintf.o)
 .ARM.attributes
                0x00000858       0x2c c:/freescale/kds_3.0.0/toolchain/bin/../lib/gcc/arm-none-eabi/4.8.4/../../../../arm-none-eabi/lib/armv6-m\libg_s.a(lib_a-impure.o)
 .ARM.attributes
                0x00000884       0x2c c:/freescale/kds_3.0.0/toolchain/bin/../lib/gcc/arm-none-eabi/4.8.4/../../../../arm-none-eabi/lib/armv6-m\libg_s.a(lib_a-init.o)
 .ARM.attributes
                0x000008b0       0x2c c:/freescale/kds_3.0.0/toolchain/bin/../lib/gcc/arm-none-eabi/4.8.4/../../../../arm-none-eabi/lib/armv6-m\libg_s.a(lib_a-memset.o)
 .ARM.attributes
                0x000008dc       0x2c c:/freescale/kds_3.0.0/toolchain/bin/../lib/gcc/arm-none-eabi/4.8.4/../../../../arm-none-eabi/lib/armv6-m\libg_s.a(lib_a-nano-freer.o)
 .ARM.attributes
                0x00000908       0x2c c:/freescale/kds_3.0.0/toolchain/bin/../lib/gcc/arm-none-eabi/4.8.4/../../../../arm-none-eabi/lib/armv6-m\libg_s.a(lib_a-nano-mallocr.o)
 .ARM.attributes
                0x00000934       0x2c c:/freescale/kds_3.0.0/toolchain/bin/../lib/gcc/arm-none-eabi/4.8.4/../../../../arm-none-eabi/lib/armv6-m\libg_s.a(lib_a-printf.o)
 .ARM.attributes
                0x00000960       0x2c c:/freescale/kds_3.0.0/toolchain/bin/../lib/gcc/arm-none-eabi/4.8.4/../../../../arm-none-eabi/lib/armv6-m\libg_s.a(lib_a-puts.o)
 .ARM.attributes
                0x0000098c       0x2c c:/freescale/kds_3.0.0/toolchain/bin/../lib/gcc/arm-none-eabi/4.8.4/../../../../arm-none-eabi/lib/armv6-m\libg_s.a(lib_a-sbrkr.o)
 .ARM.attributes
                0x000009b8       0x2c c:/freescale/kds_3.0.0/toolchain/bin/../lib/gcc/arm-none-eabi/4.8.4/../../../../arm-none-eabi/lib/armv6-m\libg_s.a(lib_a-strlen.o)
 .ARM.attributes
                0x000009e4       0x2c c:/freescale/kds_3.0.0/toolchain/bin/../lib/gcc/arm-none-eabi/4.8.4/../../../../arm-none-eabi/lib/armv6-m\libg_s.a(lib_a-vfprintf.o)
 .ARM.attributes
                0x00000a10       0x2c c:/freescale/kds_3.0.0/toolchain/bin/../lib/gcc/arm-none-eabi/4.8.4/../../../../arm-none-eabi/lib/armv6-m\libg_s.a(lib_a-vfprintf_i.o)
 .ARM.attributes
                0x00000a3c       0x2c c:/freescale/kds_3.0.0/toolchain/bin/../lib/gcc/arm-none-eabi/4.8.4/../../../../arm-none-eabi/lib/armv6-m\libg_s.a(lib_a-wbuf.o)
 .ARM.attributes
                0x00000a68       0x2c c:/freescale/kds_3.0.0/toolchain/bin/../lib/gcc/arm-none-eabi/4.8.4/../../../../arm-none-eabi/lib/armv6-m\libg_s.a(lib_a-wsetup.o)
 .ARM.attributes
                0x00000a94       0x2c c:/freescale/kds_3.0.0/toolchain/bin/../lib/gcc/arm-none-eabi/4.8.4/../../../../arm-none-eabi/lib/armv6-m\libg_s.a(lib_a-abort.o)
 .ARM.attributes
                0x00000ac0       0x2c c:/freescale/kds_3.0.0/toolchain/bin/../lib/gcc/arm-none-eabi/4.8.4/../../../../arm-none-eabi/lib/armv6-m\libg_s.a(lib_a-fflush.o)
 .ARM.attributes
                0x00000aec       0x2c c:/freescale/kds_3.0.0/toolchain/bin/../lib/gcc/arm-none-eabi/4.8.4/../../../../arm-none-eabi/lib/armv6-m\libg_s.a(lib_a-findfp.o)
 .ARM.attributes
                0x00000b18       0x2c c:/freescale/kds_3.0.0/toolchain/bin/../lib/gcc/arm-none-eabi/4.8.4/../../../../arm-none-eabi/lib/armv6-m\libg_s.a(lib_a-makebuf.o)
 .ARM.attributes
                0x00000b44       0x2c c:/freescale/kds_3.0.0/toolchain/bin/../lib/gcc/arm-none-eabi/4.8.4/../../../../arm-none-eabi/lib/armv6-m\libg_s.a(lib_a-memchr-stub.o)
 .ARM.attributes
                0x00000b70       0x2c c:/freescale/kds_3.0.0/toolchain/bin/../lib/gcc/arm-none-eabi/4.8.4/../../../../arm-none-eabi/lib/armv6-m\libg_s.a(lib_a-reent.o)
 .ARM.attributes
                0x00000b9c       0x2c c:/freescale/kds_3.0.0/toolchain/bin/../lib/gcc/arm-none-eabi/4.8.4/../../../../arm-none-eabi/lib/armv6-m\libg_s.a(lib_a-signal.o)
 .ARM.attributes
                0x00000bc8       0x2c c:/freescale/kds_3.0.0/toolchain/bin/../lib/gcc/arm-none-eabi/4.8.4/../../../../arm-none-eabi/lib/armv6-m\libg_s.a(lib_a-signalr.o)
 .ARM.attributes
                0x00000bf4       0x2c c:/freescale/kds_3.0.0/toolchain/bin/../lib/gcc/arm-none-eabi/4.8.4/../../../../arm-none-eabi/lib/armv6-m\libg_s.a(lib_a-stdio.o)
 .ARM.attributes
                0x00000c20       0x2c c:/freescale/kds_3.0.0/toolchain/bin/../lib/gcc/arm-none-eabi/4.8.4/../../../../arm-none-eabi/lib/armv6-m\libg_s.a(lib_a-writer.o)
 .ARM.attributes
                0x00000c4c       0x2c c:/freescale/kds_3.0.0/toolchain/bin/../lib/gcc/arm-none-eabi/4.8.4/../../../../arm-none-eabi/lib/armv6-m\libg_s.a(lib_a-closer.o)
 .ARM.attributes
                0x00000c78       0x2c c:/freescale/kds_3.0.0/toolchain/bin/../lib/gcc/arm-none-eabi/4.8.4/../../../../arm-none-eabi/lib/armv6-m\libg_s.a(lib_a-fstatr.o)
 .ARM.attributes
                0x00000ca4       0x2c c:/freescale/kds_3.0.0/toolchain/bin/../lib/gcc/arm-none-eabi/4.8.4/../../../../arm-none-eabi/lib/armv6-m\libg_s.a(lib_a-isattyr.o)
 .ARM.attributes
                0x00000cd0       0x2c c:/freescale/kds_3.0.0/toolchain/bin/../lib/gcc/arm-none-eabi/4.8.4/../../../../arm-none-eabi/lib/armv6-m\libg_s.a(lib_a-lseekr.o)
 .ARM.attributes
                0x00000cfc       0x2c c:/freescale/kds_3.0.0/toolchain/bin/../lib/gcc/arm-none-eabi/4.8.4/../../../../arm-none-eabi/lib/armv6-m\libg_s.a(lib_a-readr.o)
 .ARM.attributes
                0x00000d28       0x2c c:/freescale/kds_3.0.0/toolchain/bin/../lib/gcc/arm-none-eabi/4.8.4/../../../../arm-none-eabi/lib/armv6-m\libnosys.a(close.o)
 .ARM.attributes
                0x00000d54       0x2c c:/freescale/kds_3.0.0/toolchain/bin/../lib/gcc/arm-none-eabi/4.8.4/../../../../arm-none-eabi/lib/armv6-m\libnosys.a(fstat.o)
 .ARM.attributes
                0x00000d80       0x2c c:/freescale/kds_3.0.0/toolchain/bin/../lib/gcc/arm-none-eabi/4.8.4/../../../../arm-none-eabi/lib/armv6-m\libnosys.a(getpid.o)
 .ARM.attributes
                0x00000dac       0x2c c:/freescale/kds_3.0.0/toolchain/bin/../lib/gcc/arm-none-eabi/4.8.4/../../../../arm-none-eabi/lib/armv6-m\libnosys.a(isatty.o)
 .ARM.attributes
                0x00000dd8       0x2c c:/freescale/kds_3.0.0/toolchain/bin/../lib/gcc/arm-none-eabi/4.8.4/../../../../arm-none-eabi/lib/armv6-m\libnosys.a(kill.o)
 .ARM.attributes
                0x00000e04       0x2c c:/freescale/kds_3.0.0/toolchain/bin/../lib/gcc/arm-none-eabi/4.8.4/../../../../arm-none-eabi/lib/armv6-m\libnosys.a(lseek.o)
 .ARM.attributes
                0x00000e30       0x2c c:/freescale/kds_3.0.0/toolchain/bin/../lib/gcc/arm-none-eabi/4.8.4/../../../../arm-none-eabi/lib/armv6-m\libnosys.a(sbrk.o)
 .ARM.attributes
                0x00000e5c       0x2c c:/freescale/kds_3.0.0/toolchain/bin/../lib/gcc/arm-none-eabi/4.8.4/../../../../arm-none-eabi/lib/armv6-m\libnosys.a(_exit.o)
 .ARM.attributes
                0x00000e88       0x2c c:/freescale/kds_3.0.0/toolchain/bin/../lib/gcc/arm-none-eabi/4.8.4/armv6-m/crtend.o
 .ARM.attributes
                0x00000eb4       0x1e c:/freescale/kds_3.0.0/toolchain/bin/../lib/gcc/arm-none-eabi/4.8.4/armv6-m/crtn.o
OUTPUT(FRDM-KL26 SDK TEST.elf elf32-littlearm)

.debug_info     0x00000000     0xf40f
 .debug_info    0x00000000       0xf3 ./Static_Code/System/PE_low_level_init.o
 .debug_info    0x000000f3      0x103 ./Sources/Events.o
 .debug_info    0x000001f6      0x531 ./Sources/main.o
 .debug_info    0x00000727      0xa71 ./SDK/platform/utilities/src/fsl_debug_console.o
 .debug_info    0x00001198      0x5eb ./SDK/platform/utilities/src/print_scan.o
 .debug_info    0x00001783      0x290 ./SDK/platform/system/src/interrupt/fsl_interrupt_manager.o
 .debug_info    0x00001a13     0x186c ./SDK/platform/system/src/clock/MKL26Z4/fsl_clock_MKL26Z4.o
 .debug_info    0x0000327f     0x153e ./SDK/platform/system/src/clock/fsl_clock_manager.o
 .debug_info    0x000047bd      0x463 ./SDK/platform/system/src/clock/fsl_clock_manager_common.o
 .debug_info    0x00004c20      0xf18 ./SDK/platform/osa/src/fsl_os_abstraction_bm.o
 .debug_info    0x00005b38      0x83e ./SDK/platform/hal/src/uart/fsl_uart_hal.o
 .debug_info    0x00006376      0xba0 ./SDK/platform/hal/src/mcg/fsl_mcg_hal.o
 .debug_info    0x00006f16      0x450 ./SDK/platform/hal/src/lptmr/fsl_lptmr_hal.o
 .debug_info    0x00007366      0x947 ./SDK/platform/hal/src/lpsci/fsl_lpsci_hal.o
 .debug_info    0x00007cad      0x2f0 ./SDK/platform/hal/src/gpio/fsl_gpio_hal.o
 .debug_info    0x00007f9d      0x877 ./SDK/platform/hal/src/adc16/fsl_adc16_hal.o
 .debug_info    0x00008814      0x22a ./SDK/platform/drivers/src/lptmr/fsl_lptmr_common.o
 .debug_info    0x00008a3e      0xff8 ./SDK/platform/drivers/src/lptmr/fsl_lptmr_driver.o
 .debug_info    0x00009a36      0x397 ./SDK/platform/drivers/src/gpio/fsl_gpio_common.o
 .debug_info    0x00009dcd      0xefe ./SDK/platform/drivers/src/gpio/fsl_gpio_driver.o
 .debug_info    0x0000accb      0x384 ./SDK/platform/drivers/src/adc16/fsl_adc16_common.o
 .debug_info    0x0000b04f     0x12aa ./SDK/platform/drivers/src/adc16/fsl_adc16_driver.o
 .debug_info    0x0000c2f9       0xa0 ./SDK/platform/devices/MKL26Z4/startup/gcc/startup_MKL26Z4.o
 .debug_info    0x0000c399      0x673 ./SDK/platform/devices/MKL26Z4/startup/system_MKL26Z4.o
 .debug_info    0x0000ca0c      0x296 ./SDK/platform/devices/startup.o
 .debug_info    0x0000cca2      0xd89 ./Generated_Code/Cpu.o
 .debug_info    0x0000da2b      0x4a2 ./Generated_Code/adConv1.o
 .debug_info    0x0000decd      0x2ce ./Generated_Code/gpio1.o
 .debug_info    0x0000e19b      0x3d8 ./Generated_Code/hardware_init.o
 .debug_info    0x0000e573      0x2e3 ./Generated_Code/lpTmr1.o
 .debug_info    0x0000e856      0x4fc ./Generated_Code/osa1.o
 .debug_info    0x0000ed52      0x6bd ./Generated_Code/pin_init.o

.debug_abbrev   0x00000000     0x2e31
 .debug_abbrev  0x00000000       0x75 ./Static_Code/System/PE_low_level_init.o
 .debug_abbrev  0x00000075       0x94 ./Sources/Events.o
 .debug_abbrev  0x00000109      0x167 ./Sources/main.o
 .debug_abbrev  0x00000270      0x23a ./SDK/platform/utilities/src/fsl_debug_console.o
 .debug_abbrev  0x000004aa      0x1b6 ./SDK/platform/utilities/src/print_scan.o
 .debug_abbrev  0x00000660      0x128 ./SDK/platform/system/src/interrupt/fsl_interrupt_manager.o
 .debug_abbrev  0x00000788      0x2ff ./SDK/platform/system/src/clock/MKL26Z4/fsl_clock_MKL26Z4.o
 .debug_abbrev  0x00000a87      0x2a0 ./SDK/platform/system/src/clock/fsl_clock_manager.o
 .debug_abbrev  0x00000d27       0xde ./SDK/platform/system/src/clock/fsl_clock_manager_common.o
 .debug_abbrev  0x00000e05      0x21f ./SDK/platform/osa/src/fsl_os_abstraction_bm.o
 .debug_abbrev  0x00001024      0x1ee ./SDK/platform/hal/src/uart/fsl_uart_hal.o
 .debug_abbrev  0x00001212      0x22c ./SDK/platform/hal/src/mcg/fsl_mcg_hal.o
 .debug_abbrev  0x0000143e      0x13c ./SDK/platform/hal/src/lptmr/fsl_lptmr_hal.o
 .debug_abbrev  0x0000157a      0x211 ./SDK/platform/hal/src/lpsci/fsl_lpsci_hal.o
 .debug_abbrev  0x0000178b      0x11b ./SDK/platform/hal/src/gpio/fsl_gpio_hal.o
 .debug_abbrev  0x000018a6      0x1b1 ./SDK/platform/hal/src/adc16/fsl_adc16_hal.o
 .debug_abbrev  0x00001a57       0xb1 ./SDK/platform/drivers/src/lptmr/fsl_lptmr_common.o
 .debug_abbrev  0x00001b08      0x27e ./SDK/platform/drivers/src/lptmr/fsl_lptmr_driver.o
 .debug_abbrev  0x00001d86       0xc0 ./SDK/platform/drivers/src/gpio/fsl_gpio_common.o
 .debug_abbrev  0x00001e46      0x27a ./SDK/platform/drivers/src/gpio/fsl_gpio_driver.o
 .debug_abbrev  0x000020c0       0xde ./SDK/platform/drivers/src/adc16/fsl_adc16_common.o
 .debug_abbrev  0x0000219e      0x24b ./SDK/platform/drivers/src/adc16/fsl_adc16_driver.o
 .debug_abbrev  0x000023e9       0x14 ./SDK/platform/devices/MKL26Z4/startup/gcc/startup_MKL26Z4.o
 .debug_abbrev  0x000023fd      0x121 ./SDK/platform/devices/MKL26Z4/startup/system_MKL26Z4.o
 .debug_abbrev  0x0000251e       0xe9 ./SDK/platform/devices/startup.o
 .debug_abbrev  0x00002607      0x188 ./Generated_Code/Cpu.o
 .debug_abbrev  0x0000278f       0xd2 ./Generated_Code/adConv1.o
 .debug_abbrev  0x00002861       0xa7 ./Generated_Code/gpio1.o
 .debug_abbrev  0x00002908      0x10c ./Generated_Code/hardware_init.o
 .debug_abbrev  0x00002a14       0xd3 ./Generated_Code/lpTmr1.o
 .debug_abbrev  0x00002ae7      0x1c7 ./Generated_Code/osa1.o
 .debug_abbrev  0x00002cae      0x183 ./Generated_Code/pin_init.o

.debug_aranges  0x00000000      0xe90
 .debug_aranges
                0x00000000       0x28 ./Static_Code/System/PE_low_level_init.o
 .debug_aranges
                0x00000028       0x28 ./Sources/Events.o
 .debug_aranges
                0x00000050       0x40 ./Sources/main.o
 .debug_aranges
                0x00000090       0xa0 ./SDK/platform/utilities/src/fsl_debug_console.o
 .debug_aranges
                0x00000130       0x48 ./SDK/platform/utilities/src/print_scan.o
 .debug_aranges
                0x00000178       0x30 ./SDK/platform/system/src/interrupt/fsl_interrupt_manager.o
 .debug_aranges
                0x000001a8      0x220 ./SDK/platform/system/src/clock/MKL26Z4/fsl_clock_MKL26Z4.o
 .debug_aranges
                0x000003c8      0x128 ./SDK/platform/system/src/clock/fsl_clock_manager.o
 .debug_aranges
                0x000004f0       0x18 ./SDK/platform/system/src/clock/fsl_clock_manager_common.o
 .debug_aranges
                0x00000508      0x148 ./SDK/platform/osa/src/fsl_os_abstraction_bm.o
 .debug_aranges
                0x00000650       0xb0 ./SDK/platform/hal/src/uart/fsl_uart_hal.o
 .debug_aranges
                0x00000700       0xd8 ./SDK/platform/hal/src/mcg/fsl_mcg_hal.o
 .debug_aranges
                0x000007d8       0x58 ./SDK/platform/hal/src/lptmr/fsl_lptmr_hal.o
 .debug_aranges
                0x00000830       0xc8 ./SDK/platform/hal/src/lpsci/fsl_lpsci_hal.o
 .debug_aranges
                0x000008f8       0x38 ./SDK/platform/hal/src/gpio/fsl_gpio_hal.o
 .debug_aranges
                0x00000930       0x50 ./SDK/platform/hal/src/adc16/fsl_adc16_hal.o
 .debug_aranges
                0x00000980       0x18 ./SDK/platform/drivers/src/lptmr/fsl_lptmr_common.o
 .debug_aranges
                0x00000998       0xe0 ./SDK/platform/drivers/src/lptmr/fsl_lptmr_driver.o
 .debug_aranges
                0x00000a78       0x18 ./SDK/platform/drivers/src/gpio/fsl_gpio_common.o
 .debug_aranges
                0x00000a90       0xf8 ./SDK/platform/drivers/src/gpio/fsl_gpio_driver.o
 .debug_aranges
                0x00000b88       0x18 ./SDK/platform/drivers/src/adc16/fsl_adc16_common.o
 .debug_aranges
                0x00000ba0      0x108 ./SDK/platform/drivers/src/adc16/fsl_adc16_driver.o
 .debug_aranges
                0x00000ca8       0x20 ./SDK/platform/devices/MKL26Z4/startup/gcc/startup_MKL26Z4.o
 .debug_aranges
                0x00000cc8       0x28 ./SDK/platform/devices/MKL26Z4/startup/system_MKL26Z4.o
 .debug_aranges
                0x00000cf0       0x20 ./SDK/platform/devices/startup.o
 .debug_aranges
                0x00000d10       0x38 ./Generated_Code/Cpu.o
 .debug_aranges
                0x00000d48       0x18 ./Generated_Code/adConv1.o
 .debug_aranges
                0x00000d60       0x18 ./Generated_Code/gpio1.o
 .debug_aranges
                0x00000d78       0x28 ./Generated_Code/hardware_init.o
 .debug_aranges
                0x00000da0       0x20 ./Generated_Code/lpTmr1.o
 .debug_aranges
                0x00000dc0       0x48 ./Generated_Code/osa1.o
 .debug_aranges
                0x00000e08       0x88 ./Generated_Code/pin_init.o

.debug_ranges   0x00000000      0xc50
 .debug_ranges  0x00000000       0x18 ./Static_Code/System/PE_low_level_init.o
 .debug_ranges  0x00000018       0x18 ./Sources/Events.o
 .debug_ranges  0x00000030       0x30 ./Sources/main.o
 .debug_ranges  0x00000060       0x90 ./SDK/platform/utilities/src/fsl_debug_console.o
 .debug_ranges  0x000000f0       0x38 ./SDK/platform/utilities/src/print_scan.o
 .debug_ranges  0x00000128       0x20 ./SDK/platform/system/src/interrupt/fsl_interrupt_manager.o
 .debug_ranges  0x00000148      0x210 ./SDK/platform/system/src/clock/MKL26Z4/fsl_clock_MKL26Z4.o
 .debug_ranges  0x00000358      0x118 ./SDK/platform/system/src/clock/fsl_clock_manager.o
 .debug_ranges  0x00000470      0x138 ./SDK/platform/osa/src/fsl_os_abstraction_bm.o
 .debug_ranges  0x000005a8       0xa0 ./SDK/platform/hal/src/uart/fsl_uart_hal.o
 .debug_ranges  0x00000648       0xc8 ./SDK/platform/hal/src/mcg/fsl_mcg_hal.o
 .debug_ranges  0x00000710       0x48 ./SDK/platform/hal/src/lptmr/fsl_lptmr_hal.o
 .debug_ranges  0x00000758       0xb8 ./SDK/platform/hal/src/lpsci/fsl_lpsci_hal.o
 .debug_ranges  0x00000810       0x28 ./SDK/platform/hal/src/gpio/fsl_gpio_hal.o
 .debug_ranges  0x00000838       0x40 ./SDK/platform/hal/src/adc16/fsl_adc16_hal.o
 .debug_ranges  0x00000878       0xd0 ./SDK/platform/drivers/src/lptmr/fsl_lptmr_driver.o
 .debug_ranges  0x00000948       0xe8 ./SDK/platform/drivers/src/gpio/fsl_gpio_driver.o
 .debug_ranges  0x00000a30       0xf8 ./SDK/platform/drivers/src/adc16/fsl_adc16_driver.o
 .debug_ranges  0x00000b28       0x18 ./SDK/platform/devices/MKL26Z4/startup/system_MKL26Z4.o
 .debug_ranges  0x00000b40       0x10 ./SDK/platform/devices/startup.o
 .debug_ranges  0x00000b50       0x28 ./Generated_Code/Cpu.o
 .debug_ranges  0x00000b78       0x18 ./Generated_Code/hardware_init.o
 .debug_ranges  0x00000b90       0x10 ./Generated_Code/lpTmr1.o
 .debug_ranges  0x00000ba0       0x38 ./Generated_Code/osa1.o
 .debug_ranges  0x00000bd8       0x78 ./Generated_Code/pin_init.o

.debug_macro    0x00000000    0x18736
 .debug_macro   0x00000000      0x37d ./Static_Code/System/PE_low_level_init.o
 .debug_macro   0x0000037d      0x80e ./Static_Code/System/PE_low_level_init.o
 .debug_macro   0x00000b8b       0x11 ./Static_Code/System/PE_low_level_init.o
 .debug_macro   0x00000b9c       0x16 ./Static_Code/System/PE_low_level_init.o
 .debug_macro   0x00000bb2       0x16 ./Static_Code/System/PE_low_level_init.o
 .debug_macro   0x00000bc8       0x44 ./Static_Code/System/PE_low_level_init.o
 .debug_macro   0x00000c0c      0x209 ./Static_Code/System/PE_low_level_init.o
 .debug_macro   0x00000e15       0x3a ./Static_Code/System/PE_low_level_init.o
 .debug_macro   0x00000e4f       0x3a ./Static_Code/System/PE_low_level_init.o
 .debug_macro   0x00000e89       0x1f ./Static_Code/System/PE_low_level_init.o
 .debug_macro   0x00000ea8      0x250 ./Static_Code/System/PE_low_level_init.o
 .debug_macro   0x000010f8       0xc6 ./Static_Code/System/PE_low_level_init.o
 .debug_macro   0x000011be     0x8bcc ./Static_Code/System/PE_low_level_init.o
 .debug_macro   0x00009d8a       0x58 ./Static_Code/System/PE_low_level_init.o
 .debug_macro   0x00009de2       0x35 ./Static_Code/System/PE_low_level_init.o
 .debug_macro   0x00009e17       0xa3 ./Static_Code/System/PE_low_level_init.o
 .debug_macro   0x00009eba       0x16 ./Static_Code/System/PE_low_level_init.o
 .debug_macro   0x00009ed0      0x10e ./Static_Code/System/PE_low_level_init.o
 .debug_macro   0x00009fde       0x7f ./Static_Code/System/PE_low_level_init.o
 .debug_macro   0x0000a05d       0x52 ./Static_Code/System/PE_low_level_init.o
 .debug_macro   0x0000a0af       0x16 ./Static_Code/System/PE_low_level_init.o
 .debug_macro   0x0000a0c5       0x43 ./Static_Code/System/PE_low_level_init.o
 .debug_macro   0x0000a108      0x180 ./Static_Code/System/PE_low_level_init.o
 .debug_macro   0x0000a288       0x22 ./Static_Code/System/PE_low_level_init.o
 .debug_macro   0x0000a2aa       0x7c ./Static_Code/System/PE_low_level_init.o
 .debug_macro   0x0000a326     0x84a8 ./Static_Code/System/PE_low_level_init.o
 .debug_macro   0x000127ce     0x10f4 ./Static_Code/System/PE_low_level_init.o
 .debug_macro   0x000138c2       0x22 ./Static_Code/System/PE_low_level_init.o
 .debug_macro   0x000138e4       0x16 ./Static_Code/System/PE_low_level_init.o
 .debug_macro   0x000138fa       0x10 ./Static_Code/System/PE_low_level_init.o
 .debug_macro   0x0001390a       0x11 ./Static_Code/System/PE_low_level_init.o
 .debug_macro   0x0001391b       0x10 ./Static_Code/System/PE_low_level_init.o
 .debug_macro   0x0001392b       0x10 ./Static_Code/System/PE_low_level_init.o
 .debug_macro   0x0001393b       0x10 ./Static_Code/System/PE_low_level_init.o
 .debug_macro   0x0001394b       0x3e ./Static_Code/System/PE_low_level_init.o
 .debug_macro   0x00013989       0x19 ./Static_Code/System/PE_low_level_init.o
 .debug_macro   0x000139a2       0x10 ./Static_Code/System/PE_low_level_init.o
 .debug_macro   0x000139b2       0x28 ./Static_Code/System/PE_low_level_init.o
 .debug_macro   0x000139da       0x28 ./Static_Code/System/PE_low_level_init.o
 .debug_macro   0x00013a02       0x22 ./Static_Code/System/PE_low_level_init.o
 .debug_macro   0x00013a24       0x10 ./Static_Code/System/PE_low_level_init.o
 .debug_macro   0x00013a34       0x1c ./Static_Code/System/PE_low_level_init.o
 .debug_macro   0x00013a50       0x10 ./Static_Code/System/PE_low_level_init.o
 .debug_macro   0x00013a60      0x363 ./Sources/Events.o
 .debug_macro   0x00013dc3      0x3e3 ./Sources/main.o
 .debug_macro   0x000141a6       0x1c ./Sources/main.o
 .debug_macro   0x000141c2       0x35 ./Sources/main.o
 .debug_macro   0x000141f7       0x10 ./Sources/main.o
 .debug_macro   0x00014207       0x10 ./Sources/main.o
 .debug_macro   0x00014217       0x22 ./Sources/main.o
 .debug_macro   0x00014239       0xbd ./Sources/main.o
 .debug_macro   0x000142f6       0x16 ./Sources/main.o
 .debug_macro   0x0001430c      0x14a ./Sources/main.o
 .debug_macro   0x00014456      0x2c0 ./SDK/platform/utilities/src/fsl_debug_console.o
 .debug_macro   0x00014716       0x58 ./SDK/platform/utilities/src/fsl_debug_console.o
 .debug_macro   0x0001476e       0x16 ./SDK/platform/utilities/src/fsl_debug_console.o
 .debug_macro   0x00014784       0x97 ./SDK/platform/utilities/src/fsl_debug_console.o
 .debug_macro   0x0001481b       0xef ./SDK/platform/utilities/src/fsl_debug_console.o
 .debug_macro   0x0001490a       0x4a ./SDK/platform/utilities/src/fsl_debug_console.o
 .debug_macro   0x00014954      0x20f ./SDK/platform/utilities/src/fsl_debug_console.o
 .debug_macro   0x00014b63       0x82 ./SDK/platform/utilities/src/fsl_debug_console.o
 .debug_macro   0x00014be5       0x22 ./SDK/platform/utilities/src/fsl_debug_console.o
 .debug_macro   0x00014c07      0x2a6 ./SDK/platform/utilities/src/fsl_debug_console.o
 .debug_macro   0x00014ead       0x10 ./SDK/platform/utilities/src/fsl_debug_console.o
 .debug_macro   0x00014ebd      0x257 ./SDK/platform/utilities/src/print_scan.o
 .debug_macro   0x00015114       0x52 ./SDK/platform/utilities/src/print_scan.o
 .debug_macro   0x00015166       0x94 ./SDK/platform/utilities/src/print_scan.o
 .debug_macro   0x000151fa      0x177 ./SDK/platform/system/src/interrupt/fsl_interrupt_manager.o
 .debug_macro   0x00015371       0x4c ./SDK/platform/system/src/interrupt/fsl_interrupt_manager.o
 .debug_macro   0x000153bd      0x1e6 ./SDK/platform/system/src/clock/MKL26Z4/fsl_clock_MKL26Z4.o
 .debug_macro   0x000155a3      0x22e ./SDK/platform/system/src/clock/fsl_clock_manager.o
 .debug_macro   0x000157d1      0x1e8 ./SDK/platform/system/src/clock/fsl_clock_manager_common.o
 .debug_macro   0x000159b9      0x212 ./SDK/platform/osa/src/fsl_os_abstraction_bm.o
 .debug_macro   0x00015bcb      0x174 ./SDK/platform/hal/src/uart/fsl_uart_hal.o
 .debug_macro   0x00015d3f      0x174 ./SDK/platform/hal/src/mcg/fsl_mcg_hal.o
 .debug_macro   0x00015eb3      0x16e ./SDK/platform/hal/src/lptmr/fsl_lptmr_hal.o
 .debug_macro   0x00016021      0x174 ./SDK/platform/hal/src/lpsci/fsl_lpsci_hal.o
 .debug_macro   0x00016195      0x16e ./SDK/platform/hal/src/gpio/fsl_gpio_hal.o
 .debug_macro   0x00016303      0x174 ./SDK/platform/hal/src/adc16/fsl_adc16_hal.o
 .debug_macro   0x00016477      0x15d ./SDK/platform/drivers/src/lptmr/fsl_lptmr_common.o
 .debug_macro   0x000165d4      0x249 ./SDK/platform/drivers/src/lptmr/fsl_lptmr_driver.o
 .debug_macro   0x0001681d      0x166 ./SDK/platform/drivers/src/lptmr/fsl_lptmr_driver.o
 .debug_macro   0x00016983      0x15d ./SDK/platform/drivers/src/gpio/fsl_gpio_common.o
 .debug_macro   0x00016ae0      0x225 ./SDK/platform/drivers/src/gpio/fsl_gpio_driver.o
 .debug_macro   0x00016d05       0x22 ./SDK/platform/drivers/src/gpio/fsl_gpio_driver.o
 .debug_macro   0x00016d27      0x15d ./SDK/platform/drivers/src/adc16/fsl_adc16_common.o